[33m[nodemon] 3.1.14[39m
[33m[nodemon] to restart at any time, enter `rs`[39m
[33m[nodemon] watching path(s): *.*[39m
[33m[nodemon] watching extensions: js,mjs,cjs,json[39m
[32m[nodemon] starting `node server.js`[39m
◇ injected env (19) from .env // tip: ◈ secrets for agents [www.dotenvx.com]
◇ injected env (0) from .env // tip: ⌘ enable debugging { debug: true }
✅ Allowed CORS Origins: [
  'http://localhost:3040',
  'http://shop1.localhost:3000',
  'http://shop2.localhost:3000'
]
(node:16056) [MONGOOSE] Warning: Duplicate schema index on {"domain":1} found. This is often due to declaring an index using both "index: true" and "schema.index()". Please remove the duplicate index definition.
(Use `node --trace-warnings ...` to show where the warning was created)
(node:16056) [MONGOOSE] Warning: Duplicate schema index on {"slug":1} found. This is often due to declaring an index using both "index: true" and "schema.index()". Please remove the duplicate index definition.
(node:16056) [MONGOOSE] Warning: Duplicate schema index on {"storageNumber":1} found. This is often due to declaring an index using both "index: true" and "schema.index()". Please remove the duplicate index definition.
✅ MongoDB Connected Successfully
🟡 Super Admin is up to date: admin@gmail.com
🚀 Backend running on port 4000
❌ resolveShopByDomain error: MongoServerSelectionError: connect ECONNREFUSED ::1:27018, connect ECONNREFUSED 127.0.0.1:27018
    at Topology.selectServer (C:\website\ecom-multi\backend\node_modules\mongoose\node_modules\mongodb\lib\sdam\topology.js:327:38)
    at async tryOperation (C:\website\ecom-multi\backend\node_modules\mongoose\node_modules\mongodb\lib\operations\execute_operation.js:148:18)
    at async executeOperation (C:\website\ecom-multi\backend\node_modules\mongoose\node_modules\mongodb\lib\operations\execute_operation.js:78:16)
    at async FindCursor._initialize (C:\website\ecom-multi\backend\node_modules\mongoose\node_modules\mongodb\lib\cursor\find_cursor.js:62:26)
    at async FindCursor.cursorInit (C:\website\ecom-multi\backend\node_modules\mongoose\node_modules\mongodb\lib\cursor\abstract_cursor.js:632:27)
    at async FindCursor.fetchBatch (C:\website\ecom-multi\backend\node_modules\mongoose\node_modules\mongodb\lib\cursor\abstract_cursor.js:666:13)
    at async FindCursor.next (C:\website\ecom-multi\backend\node_modules\mongoose\node_modules\mongodb\lib\cursor\abstract_cursor.js:342:17)
    at async Collection.findOne (C:\website\ecom-multi\backend\node_modules\mongoose\node_modules\mongodb\lib\collection.js:313:24)
    at async model.Query._findOne (C:\website\ecom-multi\backend\node_modules\mongoose\lib\query.js:2710:15)
    at async model.Query.exec (C:\website\ecom-multi\backend\node_modules\mongoose\lib\query.js:4627:63) {
  errorLabelSet: Set(0) {},
  reason: TopologyDescription {
    type: 'Single',
    servers: Map(1) { 'localhost:27018' => [ServerDescription] },
    stale: false,
    compatible: true,
    heartbeatFrequencyMS: 10000,
    localThresholdMS: 15,
    setName: null,
    maxElectionId: null,
    maxSetVersion: null,
    commonWireVersion: 0,
    logicalSessionTimeoutMinutes: null
  },
  code: undefined,
  [cause]: MongoNetworkError: connect ECONNREFUSED ::1:27018, connect ECONNREFUSED 127.0.0.1:27018
      at Socket.<anonymous> (C:\website\ecom-multi\backend\node_modules\mongoose\node_modules\mongodb\lib\cmap\connect.js:286:44)
      at Object.onceWrapper (node:events:633:26)
      at Socket.emit (node:events:518:28)
      at emitErrorNT (node:internal/streams/destroy:170:8)
      at emitErrorCloseNT (node:internal/streams/destroy:129:3)
      at process.processTicksAndRejections (node:internal/process/task_queues:90:21) {
    errorLabelSet: Set(1) { 'ResetPool' },
    beforeHandshake: false,
    [cause]: AggregateError [ECONNREFUSED]: 
        at internalConnectMultiple (node:net:1139:18)
        at afterConnectMultiple (node:net:1712:7)
        at TCPConnectWrap.callbackTrampoline (node:internal/async_hooks:130:17) {
      code: 'ECONNREFUSED',
      [errors]: [Array]
    }
  }
}
❌ resolveShopByDomain error: MongoServerSelectionError: connect ECONNREFUSED ::1:27018, connect ECONNREFUSED 127.0.0.1:27018
    at Topology.selectServer (C:\website\ecom-multi\backend\node_modules\mongoose\node_modules\mongodb\lib\sdam\topology.js:327:38)
    at runNextTicks (node:internal/process/task_queues:65:5)
    at listOnTimeout (node:internal/timers:555:9)
    at process.processTimers (node:internal/timers:529:7)
    at async tryOperation (C:\website\ecom-multi\backend\node_modules\mongoose\node_modules\mongodb\lib\operations\execute_operation.js:148:18)
    at async executeOperation (C:\website\ecom-multi\backend\node_modules\mongoose\node_modules\mongodb\lib\operations\execute_operation.js:78:16)
    at async FindCursor._initialize (C:\website\ecom-multi\backend\node_modules\mongoose\node_modules\mongodb\lib\cursor\find_cursor.js:62:26)
    at async FindCursor.cursorInit (C:\website\ecom-multi\backend\node_modules\mongoose\node_modules\mongodb\lib\cursor\abstract_cursor.js:632:27)
    at async FindCursor.fetchBatch (C:\website\ecom-multi\backend\node_modules\mongoose\node_modules\mongodb\lib\cursor\abstract_cursor.js:666:13)
    at async FindCursor.next (C:\website\ecom-multi\backend\node_modules\mongoose\node_modules\mongodb\lib\cursor\abstract_cursor.js:342:17) {
  errorLabelSet: Set(0) {},
  reason: TopologyDescription {
    type: 'Single',
    servers: Map(1) { 'localhost:27018' => [ServerDescription] },
    stale: false,
    compatible: true,
    heartbeatFrequencyMS: 10000,
    localThresholdMS: 15,
    setName: null,
    maxElectionId: null,
    maxSetVersion: null,
    commonWireVersion: 0,
    logicalSessionTimeoutMinutes: null
  },
  code: undefined,
  [cause]: MongoNetworkError: connect ECONNREFUSED ::1:27018, connect ECONNREFUSED 127.0.0.1:27018
      at Socket.<anonymous> (C:\website\ecom-multi\backend\node_modules\mongoose\node_modules\mongodb\lib\cmap\connect.js:286:44)
      at Object.onceWrapper (node:events:633:26)
      at Socket.emit (node:events:518:28)
      at emitErrorNT (node:internal/streams/destroy:170:8)
      at emitErrorCloseNT (node:internal/streams/destroy:129:3)
      at process.processTicksAndRejections (node:internal/process/task_queues:90:21) {
    errorLabelSet: Set(1) { 'ResetPool' },
    beforeHandshake: false,
    [cause]: AggregateError [ECONNREFUSED]: 
        at internalConnectMultiple (node:net:1139:18)
        at afterConnectMultiple (node:net:1712:7)
        at TCPConnectWrap.callbackTrampoline (node:internal/async_hooks:130:17) {
      code: 'ECONNREFUSED',
      [errors]: [Array]
    }
  }
}
❌ resolveShopByDomain error: MongoServerSelectionError: connect ECONNREFUSED ::1:27018, connect ECONNREFUSED 127.0.0.1:27018
    at Topology.selectServer (C:\website\ecom-multi\backend\node_modules\mongoose\node_modules\mongodb\lib\sdam\topology.js:327:38)
    at runNextTicks (node:internal/process/task_queues:65:5)
    at listOnTimeout (node:internal/timers:555:9)
    at process.processTimers (node:internal/timers:529:7)
    at async tryOperation (C:\website\ecom-multi\backend\node_modules\mongoose\node_modules\mongodb\lib\operations\execute_operation.js:148:18)
    at async executeOperation (C:\website\ecom-multi\backend\node_modules\mongoose\node_modules\mongodb\lib\operations\execute_operation.js:78:16)
    at async FindCursor._initialize (C:\website\ecom-multi\backend\node_modules\mongoose\node_modules\mongodb\lib\cursor\find_cursor.js:62:26)
    at async FindCursor.cursorInit (C:\website\ecom-multi\backend\node_modules\mongoose\node_modules\mongodb\lib\cursor\abstract_cursor.js:632:27)
    at async FindCursor.fetchBatch (C:\website\ecom-multi\backend\node_modules\mongoose\node_modules\mongodb\lib\cursor\abstract_cursor.js:666:13)
    at async FindCursor.next (C:\website\ecom-multi\backend\node_modules\mongoose\node_modules\mongodb\lib\cursor\abstract_cursor.js:342:17) {
  errorLabelSet: Set(0) {},
  reason: TopologyDescription {
    type: 'Single',
    servers: Map(1) { 'localhost:27018' => [ServerDescription] },
    stale: false,
    compatible: true,
    heartbeatFrequencyMS: 10000,
    localThresholdMS: 15,
    setName: null,
    maxElectionId: null,
    maxSetVersion: null,
    commonWireVersion: 0,
    logicalSessionTimeoutMinutes: null
  },
  code: undefined,
  [cause]: MongoNetworkError: connect ECONNREFUSED ::1:27018, connect ECONNREFUSED 127.0.0.1:27018
      at Socket.<anonymous> (C:\website\ecom-multi\backend\node_modules\mongoose\node_modules\mongodb\lib\cmap\connect.js:286:44)
      at Object.onceWrapper (node:events:633:26)
      at Socket.emit (node:events:518:28)
      at emitErrorNT (node:internal/streams/destroy:170:8)
      at emitErrorCloseNT (node:internal/streams/destroy:129:3)
      at process.processTicksAndRejections (node:internal/process/task_queues:90:21) {
    errorLabelSet: Set(1) { 'ResetPool' },
    beforeHandshake: false,
    [cause]: AggregateError [ECONNREFUSED]: 
        at internalConnectMultiple (node:net:1139:18)
        at afterConnectMultiple (node:net:1712:7)
        at TCPConnectWrap.callbackTrampoline (node:internal/async_hooks:130:17) {
      code: 'ECONNREFUSED',
      [errors]: [Array]
    }
  }
}
❌ resolveShopByDomain error: MongoServerSelectionError: connect ECONNREFUSED ::1:27018, connect ECONNREFUSED 127.0.0.1:27018
    at Topology.selectServer (C:\website\ecom-multi\backend\node_modules\mongoose\node_modules\mongodb\lib\sdam\topology.js:327:38)
    at async tryOperation (C:\website\ecom-multi\backend\node_modules\mongoose\node_modules\mongodb\lib\operations\execute_operation.js:148:18)
    at async executeOperation (C:\website\ecom-multi\backend\node_modules\mongoose\node_modules\mongodb\lib\operations\execute_operation.js:78:16)
    at async FindCursor._initialize (C:\website\ecom-multi\backend\node_modules\mongoose\node_modules\mongodb\lib\cursor\find_cursor.js:62:26)
    at async FindCursor.cursorInit (C:\website\ecom-multi\backend\node_modules\mongoose\node_modules\mongodb\lib\cursor\abstract_cursor.js:632:27)
    at async FindCursor.fetchBatch (C:\website\ecom-multi\backend\node_modules\mongoose\node_modules\mongodb\lib\cursor\abstract_cursor.js:666:13)
    at async FindCursor.next (C:\website\ecom-multi\backend\node_modules\mongoose\node_modules\mongodb\lib\cursor\abstract_cursor.js:342:17)
    at async Collection.findOne (C:\website\ecom-multi\backend\node_modules\mongoose\node_modules\mongodb\lib\collection.js:313:24)
    at async model.Query._findOne (C:\website\ecom-multi\backend\node_modules\mongoose\lib\query.js:2710:15)
    at async model.Query.exec (C:\website\ecom-multi\backend\node_modules\mongoose\lib\query.js:4627:63) {
  errorLabelSet: Set(0) {},
  reason: TopologyDescription {
    type: 'Single',
    servers: Map(1) { 'localhost:27018' => [ServerDescription] },
    stale: false,
    compatible: true,
    heartbeatFrequencyMS: 10000,
    localThresholdMS: 15,
    setName: null,
    maxElectionId: null,
    maxSetVersion: null,
    commonWireVersion: 0,
    logicalSessionTimeoutMinutes: null
  },
  code: undefined,
  [cause]: MongoNetworkError: connect ECONNREFUSED ::1:27018, connect ECONNREFUSED 127.0.0.1:27018
      at Socket.<anonymous> (C:\website\ecom-multi\backend\node_modules\mongoose\node_modules\mongodb\lib\cmap\connect.js:286:44)
      at Object.onceWrapper (node:events:633:26)
      at Socket.emit (node:events:518:28)
      at emitErrorNT (node:internal/streams/destroy:170:8)
      at emitErrorCloseNT (node:internal/streams/destroy:129:3)
      at process.processTicksAndRejections (node:internal/process/task_queues:90:21) {
    errorLabelSet: Set(1) { 'ResetPool' },
    beforeHandshake: false,
    [cause]: AggregateError [ECONNREFUSED]: 
        at internalConnectMultiple (node:net:1139:18)
        at afterConnectMultiple (node:net:1712:7)
        at TCPConnectWrap.callbackTrampoline (node:internal/async_hooks:130:17) {
      code: 'ECONNREFUSED',
      [errors]: [Array]
    }
  }
}
❌ resolveShopByDomain error: MongoServerSelectionError: connect ECONNREFUSED ::1:27018, connect ECONNREFUSED 127.0.0.1:27018
    at Topology.selectServer (C:\website\ecom-multi\backend\node_modules\mongoose\node_modules\mongodb\lib\sdam\topology.js:327:38)
    at runNextTicks (node:internal/process/task_queues:65:5)
    at listOnTimeout (node:internal/timers:555:9)
    at process.processTimers (node:internal/timers:529:7)
    at async tryOperation (C:\website\ecom-multi\backend\node_modules\mongoose\node_modules\mongodb\lib\operations\execute_operation.js:148:18)
    at async executeOperation (C:\website\ecom-multi\backend\node_modules\mongoose\node_modules\mongodb\lib\operations\execute_operation.js:78:16)
    at async FindCursor._initialize (C:\website\ecom-multi\backend\node_modules\mongoose\node_modules\mongodb\lib\cursor\find_cursor.js:62:26)
    at async FindCursor.cursorInit (C:\website\ecom-multi\backend\node_modules\mongoose\node_modules\mongodb\lib\cursor\abstract_cursor.js:632:27)
    at async FindCursor.fetchBatch (C:\website\ecom-multi\backend\node_modules\mongoose\node_modules\mongodb\lib\cursor\abstract_cursor.js:666:13)
    at async FindCursor.next (C:\website\ecom-multi\backend\node_modules\mongoose\node_modules\mongodb\lib\cursor\abstract_cursor.js:342:17) {
  errorLabelSet: Set(0) {},
  reason: TopologyDescription {
    type: 'Single',
    servers: Map(1) { 'localhost:27018' => [ServerDescription] },
    stale: false,
    compatible: true,
    heartbeatFrequencyMS: 10000,
    localThresholdMS: 15,
    setName: null,
    maxElectionId: null,
    maxSetVersion: null,
    commonWireVersion: 0,
    logicalSessionTimeoutMinutes: null
  },
  code: undefined,
  [cause]: MongoNetworkError: connect ECONNREFUSED ::1:27018, connect ECONNREFUSED 127.0.0.1:27018
      at Socket.<anonymous> (C:\website\ecom-multi\backend\node_modules\mongoose\node_modules\mongodb\lib\cmap\connect.js:286:44)
      at Object.onceWrapper (node:events:633:26)
      at Socket.emit (node:events:518:28)
      at emitErrorNT (node:internal/streams/destroy:170:8)
      at emitErrorCloseNT (node:internal/streams/destroy:129:3)
      at process.processTicksAndRejections (node:internal/process/task_queues:90:21) {
    errorLabelSet: Set(1) { 'ResetPool' },
    beforeHandshake: false,
    [cause]: AggregateError [ECONNREFUSED]: 
        at internalConnectMultiple (node:net:1139:18)
        at afterConnectMultiple (node:net:1712:7)
        at TCPConnectWrap.callbackTrampoline (node:internal/async_hooks:130:17) {
      code: 'ECONNREFUSED',
      [errors]: [Array]
    }
  }
}
❌ resolveShopByDomain error: MongoServerSelectionError: connect ECONNREFUSED ::1:27018, connect ECONNREFUSED 127.0.0.1:27018
    at Topology.selectServer (C:\website\ecom-multi\backend\node_modules\mongoose\node_modules\mongodb\lib\sdam\topology.js:327:38)
    at runNextTicks (node:internal/process/task_queues:65:5)
    at process.processTimers (node:internal/timers:526:9)
    at async tryOperation (C:\website\ecom-multi\backend\node_modules\mongoose\node_modules\mongodb\lib\operations\execute_operation.js:148:18)
    at async executeOperation (C:\website\ecom-multi\backend\node_modules\mongoose\node_modules\mongodb\lib\operations\execute_operation.js:78:16)
    at async FindCursor._initialize (C:\website\ecom-multi\backend\node_modules\mongoose\node_modules\mongodb\lib\cursor\find_cursor.js:62:26)
    at async FindCursor.cursorInit (C:\website\ecom-multi\backend\node_modules\mongoose\node_modules\mongodb\lib\cursor\abstract_cursor.js:632:27)
    at async FindCursor.fetchBatch (C:\website\ecom-multi\backend\node_modules\mongoose\node_modules\mongodb\lib\cursor\abstract_cursor.js:666:13)
    at async FindCursor.next (C:\website\ecom-multi\backend\node_modules\mongoose\node_modules\mongodb\lib\cursor\abstract_cursor.js:342:17)
    at async Collection.findOne (C:\website\ecom-multi\backend\node_modules\mongoose\node_modules\mongodb\lib\collection.js:313:24) {
  errorLabelSet: Set(0) {},
  reason: TopologyDescription {
    type: 'Single',
    servers: Map(1) { 'localhost:27018' => [ServerDescription] },
    stale: false,
    compatible: true,
    heartbeatFrequencyMS: 10000,
    localThresholdMS: 15,
    setName: null,
    maxElectionId: null,
    maxSetVersion: null,
    commonWireVersion: 0,
    logicalSessionTimeoutMinutes: null
  },
  code: undefined,
  [cause]: MongoNetworkError: connect ECONNREFUSED ::1:27018, connect ECONNREFUSED 127.0.0.1:27018
      at Socket.<anonymous> (C:\website\ecom-multi\backend\node_modules\mongoose\node_modules\mongodb\lib\cmap\connect.js:286:44)
      at Object.onceWrapper (node:events:633:26)
      at Socket.emit (node:events:518:28)
      at emitErrorNT (node:internal/streams/destroy:170:8)
      at emitErrorCloseNT (node:internal/streams/destroy:129:3)
      at process.processTicksAndRejections (node:internal/process/task_queues:90:21) {
    errorLabelSet: Set(1) { 'ResetPool' },
    beforeHandshake: false,
    [cause]: AggregateError [ECONNREFUSED]: 
        at internalConnectMultiple (node:net:1139:18)
        at afterConnectMultiple (node:net:1712:7)
        at TCPConnectWrap.callbackTrampoline (node:internal/async_hooks:130:17) {
      code: 'ECONNREFUSED',
      [errors]: [Array]
    }
  }
}
❌ resolveShopByDomain error: MongoServerSelectionError: connect ECONNREFUSED ::1:27018, connect ECONNREFUSED 127.0.0.1:27018
    at Topology.selectServer (C:\website\ecom-multi\backend\node_modules\mongoose\node_modules\mongodb\lib\sdam\topology.js:327:38)
    at runNextTicks (node:internal/process/task_queues:65:5)
    at listOnTimeout (node:internal/timers:555:9)
    at process.processTimers (node:internal/timers:529:7)
    at async tryOperation (C:\website\ecom-multi\backend\node_modules\mongoose\node_modules\mongodb\lib\operations\execute_operation.js:148:18)
    at async executeOperation (C:\website\ecom-multi\backend\node_modules\mongoose\node_modules\mongodb\lib\operations\execute_operation.js:78:16)
    at async FindCursor._initialize (C:\website\ecom-multi\backend\node_modules\mongoose\node_modules\mongodb\lib\cursor\find_cursor.js:62:26)
    at async FindCursor.cursorInit (C:\website\ecom-multi\backend\node_modules\mongoose\node_modules\mongodb\lib\cursor\abstract_cursor.js:632:27)
    at async FindCursor.fetchBatch (C:\website\ecom-multi\backend\node_modules\mongoose\node_modules\mongodb\lib\cursor\abstract_cursor.js:666:13)
    at async FindCursor.next (C:\website\ecom-multi\backend\node_modules\mongoose\node_modules\mongodb\lib\cursor\abstract_cursor.js:342:17) {
  errorLabelSet: Set(0) {},
  reason: TopologyDescription {
    type: 'Single',
    servers: Map(1) { 'localhost:27018' => [ServerDescription] },
    stale: false,
    compatible: true,
    heartbeatFrequencyMS: 10000,
    localThresholdMS: 15,
    setName: null,
    maxElectionId: null,
    maxSetVersion: null,
    commonWireVersion: 0,
    logicalSessionTimeoutMinutes: null
  },
  code: undefined,
  [cause]: MongoNetworkError: connect ECONNREFUSED ::1:27018, connect ECONNREFUSED 127.0.0.1:27018
      at Socket.<anonymous> (C:\website\ecom-multi\backend\node_modules\mongoose\node_modules\mongodb\lib\cmap\connect.js:286:44)
      at Object.onceWrapper (node:events:633:26)
      at Socket.emit (node:events:518:28)
      at emitErrorNT (node:internal/streams/destroy:170:8)
      at emitErrorCloseNT (node:internal/streams/destroy:129:3)
      at process.processTicksAndRejections (node:internal/process/task_queues:90:21) {
    errorLabelSet: Set(1) { 'ResetPool' },
    beforeHandshake: false,
    [cause]: AggregateError [ECONNREFUSED]: 
        at internalConnectMultiple (node:net:1139:18)
        at afterConnectMultiple (node:net:1712:7)
        at TCPConnectWrap.callbackTrampoline (node:internal/async_hooks:130:17) {
      code: 'ECONNREFUSED',
      [errors]: [Array]
    }
  }
}
❌ resolveShopByDomain error: MongoServerSelectionError: connect ECONNREFUSED ::1:27018, connect ECONNREFUSED 127.0.0.1:27018
    at Topology.selectServer (C:\website\ecom-multi\backend\node_modules\mongoose\node_modules\mongodb\lib\sdam\topology.js:327:38)
    at runNextTicks (node:internal/process/task_queues:65:5)
    at listOnTimeout (node:internal/timers:555:9)
    at process.processTimers (node:internal/timers:529:7)
    at async tryOperation (C:\website\ecom-multi\backend\node_modules\mongoose\node_modules\mongodb\lib\operations\execute_operation.js:148:18)
    at async executeOperation (C:\website\ecom-multi\backend\node_modules\mongoose\node_modules\mongodb\lib\operations\execute_operation.js:78:16)
    at async FindCursor._initialize (C:\website\ecom-multi\backend\node_modules\mongoose\node_modules\mongodb\lib\cursor\find_cursor.js:62:26)
    at async FindCursor.cursorInit (C:\website\ecom-multi\backend\node_modules\mongoose\node_modules\mongodb\lib\cursor\abstract_cursor.js:632:27)
    at async FindCursor.fetchBatch (C:\website\ecom-multi\backend\node_modules\mongoose\node_modules\mongodb\lib\cursor\abstract_cursor.js:666:13)
    at async FindCursor.next (C:\website\ecom-multi\backend\node_modules\mongoose\node_modules\mongodb\lib\cursor\abstract_cursor.js:342:17) {
  errorLabelSet: Set(0) {},
  reason: TopologyDescription {
    type: 'Single',
    servers: Map(1) { 'localhost:27018' => [ServerDescription] },
    stale: false,
    compatible: true,
    heartbeatFrequencyMS: 10000,
    localThresholdMS: 15,
    setName: null,
    maxElectionId: null,
    maxSetVersion: null,
    commonWireVersion: 0,
    logicalSessionTimeoutMinutes: null
  },
  code: undefined,
  [cause]: MongoNetworkError: connect ECONNREFUSED ::1:27018, connect ECONNREFUSED 127.0.0.1:27018
      at Socket.<anonymous> (C:\website\ecom-multi\backend\node_modules\mongoose\node_modules\mongodb\lib\cmap\connect.js:286:44)
      at Object.onceWrapper (node:events:633:26)
      at Socket.emit (node:events:518:28)
      at emitErrorNT (node:internal/streams/destroy:170:8)
      at emitErrorCloseNT (node:internal/streams/destroy:129:3)
      at process.processTicksAndRejections (node:internal/process/task_queues:90:21) {
    errorLabelSet: Set(1) { 'ResetPool' },
    beforeHandshake: false,
    [cause]: AggregateError [ECONNREFUSED]: 
        at internalConnectMultiple (node:net:1139:18)
        at afterConnectMultiple (node:net:1712:7)
        at TCPConnectWrap.callbackTrampoline (node:internal/async_hooks:130:17) {
      code: 'ECONNREFUSED',
      [errors]: [Array]
    }
  }
}
❌ resolveShopByDomain error: MongoServerSelectionError: connect ECONNREFUSED ::1:27018, connect ECONNREFUSED 127.0.0.1:27018
    at Topology.selectServer (C:\website\ecom-multi\backend\node_modules\mongoose\node_modules\mongodb\lib\sdam\topology.js:327:38)
    at runNextTicks (node:internal/process/task_queues:65:5)
    at listOnTimeout (node:internal/timers:555:9)
    at process.processTimers (node:internal/timers:529:7)
    at async tryOperation (C:\website\ecom-multi\backend\node_modules\mongoose\node_modules\mongodb\lib\operations\execute_operation.js:148:18)
    at async executeOperation (C:\website\ecom-multi\backend\node_modules\mongoose\node_modules\mongodb\lib\operations\execute_operation.js:78:16)
    at async FindCursor._initialize (C:\website\ecom-multi\backend\node_modules\mongoose\node_modules\mongodb\lib\cursor\find_cursor.js:62:26)
    at async FindCursor.cursorInit (C:\website\ecom-multi\backend\node_modules\mongoose\node_modules\mongodb\lib\cursor\abstract_cursor.js:632:27)
    at async FindCursor.fetchBatch (C:\website\ecom-multi\backend\node_modules\mongoose\node_modules\mongodb\lib\cursor\abstract_cursor.js:666:13)
    at async FindCursor.next (C:\website\ecom-multi\backend\node_modules\mongoose\node_modules\mongodb\lib\cursor\abstract_cursor.js:342:17) {
  errorLabelSet: Set(0) {},
  reason: TopologyDescription {
    type: 'Single',
    servers: Map(1) { 'localhost:27018' => [ServerDescription] },
    stale: false,
    compatible: true,
    heartbeatFrequencyMS: 10000,
    localThresholdMS: 15,
    setName: null,
    maxElectionId: null,
    maxSetVersion: null,
    commonWireVersion: 0,
    logicalSessionTimeoutMinutes: null
  },
  code: undefined,
  [cause]: MongoNetworkError: connect ECONNREFUSED ::1:27018, connect ECONNREFUSED 127.0.0.1:27018
      at Socket.<anonymous> (C:\website\ecom-multi\backend\node_modules\mongoose\node_modules\mongodb\lib\cmap\connect.js:286:44)
      at Object.onceWrapper (node:events:633:26)
      at Socket.emit (node:events:518:28)
      at emitErrorNT (node:internal/streams/destroy:170:8)
      at emitErrorCloseNT (node:internal/streams/destroy:129:3)
      at process.processTicksAndRejections (node:internal/process/task_queues:90:21) {
    errorLabelSet: Set(1) { 'ResetPool' },
    beforeHandshake: false,
    [cause]: AggregateError [ECONNREFUSED]: 
        at internalConnectMultiple (node:net:1139:18)
        at afterConnectMultiple (node:net:1712:7)
        at TCPConnectWrap.callbackTrampoline (node:internal/async_hooks:130:17) {
      code: 'ECONNREFUSED',
      [errors]: [Array]
    }
  }
}
❌ resolveShopByDomain error: MongoServerSelectionError: connect ECONNREFUSED ::1:27018, connect ECONNREFUSED 127.0.0.1:27018
    at Topology.selectServer (C:\website\ecom-multi\backend\node_modules\mongoose\node_modules\mongodb\lib\sdam\topology.js:327:38)
    at runNextTicks (node:internal/process/task_queues:65:5)
    at listOnTimeout (node:internal/timers:555:9)
    at process.processTimers (node:internal/timers:529:7)
    at async tryOperation (C:\website\ecom-multi\backend\node_modules\mongoose\node_modules\mongodb\lib\operations\execute_operation.js:148:18)
    at async executeOperation (C:\website\ecom-multi\backend\node_modules\mongoose\node_modules\mongodb\lib\operations\execute_operation.js:78:16)
    at async FindCursor._initialize (C:\website\ecom-multi\backend\node_modules\mongoose\node_modules\mongodb\lib\cursor\find_cursor.js:62:26)
    at async FindCursor.cursorInit (C:\website\ecom-multi\backend\node_modules\mongoose\node_modules\mongodb\lib\cursor\abstract_cursor.js:632:27)
    at async FindCursor.fetchBatch (C:\website\ecom-multi\backend\node_modules\mongoose\node_modules\mongodb\lib\cursor\abstract_cursor.js:666:13)
    at async FindCursor.next (C:\website\ecom-multi\backend\node_modules\mongoose\node_modules\mongodb\lib\cursor\abstract_cursor.js:342:17) {
  errorLabelSet: Set(0) {},
  reason: TopologyDescription {
    type: 'Single',
    servers: Map(1) { 'localhost:27018' => [ServerDescription] },
    stale: false,
    compatible: true,
    heartbeatFrequencyMS: 10000,
    localThresholdMS: 15,
    setName: null,
    maxElectionId: null,
    maxSetVersion: null,
    commonWireVersion: 0,
    logicalSessionTimeoutMinutes: null
  },
  code: undefined,
  [cause]: MongoNetworkError: connect ECONNREFUSED ::1:27018, connect ECONNREFUSED 127.0.0.1:27018
      at Socket.<anonymous> (C:\website\ecom-multi\backend\node_modules\mongoose\node_modules\mongodb\lib\cmap\connect.js:286:44)
      at Object.onceWrapper (node:events:633:26)
      at Socket.emit (node:events:518:28)
      at emitErrorNT (node:internal/streams/destroy:170:8)
      at emitErrorCloseNT (node:internal/streams/destroy:129:3)
      at process.processTicksAndRejections (node:internal/process/task_queues:90:21) {
    errorLabelSet: Set(1) { 'ResetPool' },
    beforeHandshake: false,
    [cause]: AggregateError [ECONNREFUSED]: 
        at internalConnectMultiple (node:net:1139:18)
        at afterConnectMultiple (node:net:1712:7)
        at TCPConnectWrap.callbackTrampoline (node:internal/async_hooks:130:17) {
      code: 'ECONNREFUSED',
      [errors]: [Array]
    }
  }
}
❌ resolveShopByDomain error: MongoServerSelectionError: connect ECONNREFUSED ::1:27018, connect ECONNREFUSED 127.0.0.1:27018
    at Topology.selectServer (C:\website\ecom-multi\backend\node_modules\mongoose\node_modules\mongodb\lib\sdam\topology.js:327:38)
    at async tryOperation (C:\website\ecom-multi\backend\node_modules\mongoose\node_modules\mongodb\lib\operations\execute_operation.js:148:18)
    at async executeOperation (C:\website\ecom-multi\backend\node_modules\mongoose\node_modules\mongodb\lib\operations\execute_operation.js:78:16)
    at async FindCursor._initialize (C:\website\ecom-multi\backend\node_modules\mongoose\node_modules\mongodb\lib\cursor\find_cursor.js:62:26)
    at async FindCursor.cursorInit (C:\website\ecom-multi\backend\node_modules\mongoose\node_modules\mongodb\lib\cursor\abstract_cursor.js:632:27)
    at async FindCursor.fetchBatch (C:\website\ecom-multi\backend\node_modules\mongoose\node_modules\mongodb\lib\cursor\abstract_cursor.js:666:13)
    at async FindCursor.next (C:\website\ecom-multi\backend\node_modules\mongoose\node_modules\mongodb\lib\cursor\abstract_cursor.js:342:17)
    at async Collection.findOne (C:\website\ecom-multi\backend\node_modules\mongoose\node_modules\mongodb\lib\collection.js:313:24)
    at async model.Query._findOne (C:\website\ecom-multi\backend\node_modules\mongoose\lib\query.js:2710:15)
    at async model.Query.exec (C:\website\ecom-multi\backend\node_modules\mongoose\lib\query.js:4627:63) {
  errorLabelSet: Set(0) {},
  reason: TopologyDescription {
    type: 'Single',
    servers: Map(1) { 'localhost:27018' => [ServerDescription] },
    stale: false,
    compatible: true,
    heartbeatFrequencyMS: 10000,
    localThresholdMS: 15,
    setName: null,
    maxElectionId: null,
    maxSetVersion: null,
    commonWireVersion: 0,
    logicalSessionTimeoutMinutes: null
  },
  code: undefined,
  [cause]: MongoNetworkError: connect ECONNREFUSED ::1:27018, connect ECONNREFUSED 127.0.0.1:27018
      at Socket.<anonymous> (C:\website\ecom-multi\backend\node_modules\mongoose\node_modules\mongodb\lib\cmap\connect.js:286:44)
      at Object.onceWrapper (node:events:633:26)
      at Socket.emit (node:events:518:28)
      at emitErrorNT (node:internal/streams/destroy:170:8)
      at emitErrorCloseNT (node:internal/streams/destroy:129:3)
      at process.processTicksAndRejections (node:internal/process/task_queues:90:21) {
    errorLabelSet: Set(1) { 'ResetPool' },
    beforeHandshake: false,
    [cause]: AggregateError [ECONNREFUSED]: 
        at internalConnectMultiple (node:net:1139:18)
        at afterConnectMultiple (node:net:1712:7)
        at TCPConnectWrap.callbackTrampoline (node:internal/async_hooks:130:17) {
      code: 'ECONNREFUSED',
      [errors]: [Array]
    }
  }
}
❌ resolveShopByDomain error: MongoServerSelectionError: connect ECONNREFUSED ::1:27018, connect ECONNREFUSED 127.0.0.1:27018
    at Topology.selectServer (C:\website\ecom-multi\backend\node_modules\mongoose\node_modules\mongodb\lib\sdam\topology.js:327:38)
    at async tryOperation (C:\website\ecom-multi\backend\node_modules\mongoose\node_modules\mongodb\lib\operations\execute_operation.js:148:18)
    at async executeOperation (C:\website\ecom-multi\backend\node_modules\mongoose\node_modules\mongodb\lib\operations\execute_operation.js:78:16)
    at async FindCursor._initialize (C:\website\ecom-multi\backend\node_modules\mongoose\node_modules\mongodb\lib\cursor\find_cursor.js:62:26)
    at async FindCursor.cursorInit (C:\website\ecom-multi\backend\node_modules\mongoose\node_modules\mongodb\lib\cursor\abstract_cursor.js:632:27)
    at async FindCursor.fetchBatch (C:\website\ecom-multi\backend\node_modules\mongoose\node_modules\mongodb\lib\cursor\abstract_cursor.js:666:13)
    at async FindCursor.next (C:\website\ecom-multi\backend\node_modules\mongoose\node_modules\mongodb\lib\cursor\abstract_cursor.js:342:17)
    at async Collection.findOne (C:\website\ecom-multi\backend\node_modules\mongoose\node_modules\mongodb\lib\collection.js:313:24)
    at async model.Query._findOne (C:\website\ecom-multi\backend\node_modules\mongoose\lib\query.js:2710:15)
    at async model.Query.exec (C:\website\ecom-multi\backend\node_modules\mongoose\lib\query.js:4627:63) {
  errorLabelSet: Set(0) {},
  reason: TopologyDescription {
    type: 'Single',
    servers: Map(1) { 'localhost:27018' => [ServerDescription] },
    stale: false,
    compatible: true,
    heartbeatFrequencyMS: 10000,
    localThresholdMS: 15,
    setName: null,
    maxElectionId: null,
    maxSetVersion: null,
    commonWireVersion: 0,
    logicalSessionTimeoutMinutes: null
  },
  code: undefined,
  [cause]: MongoNetworkError: connect ECONNREFUSED ::1:27018, connect ECONNREFUSED 127.0.0.1:27018
      at Socket.<anonymous> (C:\website\ecom-multi\backend\node_modules\mongoose\node_modules\mongodb\lib\cmap\connect.js:286:44)
      at Object.onceWrapper (node:events:633:26)
      at Socket.emit (node:events:518:28)
      at emitErrorNT (node:internal/streams/destroy:170:8)
      at emitErrorCloseNT (node:internal/streams/destroy:129:3)
      at process.processTicksAndRejections (node:internal/process/task_queues:90:21) {
    errorLabelSet: Set(1) { 'ResetPool' },
    beforeHandshake: false,
    [cause]: AggregateError [ECONNREFUSED]: 
        at internalConnectMultiple (node:net:1139:18)
        at afterConnectMultiple (node:net:1712:7)
        at TCPConnectWrap.callbackTrampoline (node:internal/async_hooks:130:17) {
      code: 'ECONNREFUSED',
      [errors]: [Array]
    }
  }
}
❌ resolveShopByDomain error: MongoServerSelectionError: connect ECONNREFUSED ::1:27018, connect ECONNREFUSED 127.0.0.1:27018
    at Topology.selectServer (C:\website\ecom-multi\backend\node_modules\mongoose\node_modules\mongodb\lib\sdam\topology.js:327:38)
    at async tryOperation (C:\website\ecom-multi\backend\node_modules\mongoose\node_modules\mongodb\lib\operations\execute_operation.js:148:18)
    at async executeOperation (C:\website\ecom-multi\backend\node_modules\mongoose\node_modules\mongodb\lib\operations\execute_operation.js:78:16)
    at async FindCursor._initialize (C:\website\ecom-multi\backend\node_modules\mongoose\node_modules\mongodb\lib\cursor\find_cursor.js:62:26)
    at async FindCursor.cursorInit (C:\website\ecom-multi\backend\node_modules\mongoose\node_modules\mongodb\lib\cursor\abstract_cursor.js:632:27)
    at async FindCursor.fetchBatch (C:\website\ecom-multi\backend\node_modules\mongoose\node_modules\mongodb\lib\cursor\abstract_cursor.js:666:13)
    at async FindCursor.next (C:\website\ecom-multi\backend\node_modules\mongoose\node_modules\mongodb\lib\cursor\abstract_cursor.js:342:17)
    at async Collection.findOne (C:\website\ecom-multi\backend\node_modules\mongoose\node_modules\mongodb\lib\collection.js:313:24)
    at async model.Query._findOne (C:\website\ecom-multi\backend\node_modules\mongoose\lib\query.js:2710:15)
    at async model.Query.exec (C:\website\ecom-multi\backend\node_modules\mongoose\lib\query.js:4627:63) {
  errorLabelSet: Set(0) {},
  reason: TopologyDescription {
    type: 'Single',
    servers: Map(1) { 'localhost:27018' => [ServerDescription] },
    stale: false,
    compatible: true,
    heartbeatFrequencyMS: 10000,
    localThresholdMS: 15,
    setName: null,
    maxElectionId: null,
    maxSetVersion: null,
    commonWireVersion: 0,
    logicalSessionTimeoutMinutes: null
  },
  code: undefined,
  [cause]: MongoNetworkError: connect ECONNREFUSED ::1:27018, connect ECONNREFUSED 127.0.0.1:27018
      at Socket.<anonymous> (C:\website\ecom-multi\backend\node_modules\mongoose\node_modules\mongodb\lib\cmap\connect.js:286:44)
      at Object.onceWrapper (node:events:633:26)
      at Socket.emit (node:events:518:28)
      at emitErrorNT (node:internal/streams/destroy:170:8)
      at emitErrorCloseNT (node:internal/streams/destroy:129:3)
      at process.processTicksAndRejections (node:internal/process/task_queues:90:21) {
    errorLabelSet: Set(1) { 'ResetPool' },
    beforeHandshake: false,
    [cause]: AggregateError [ECONNREFUSED]: 
        at internalConnectMultiple (node:net:1139:18)
        at afterConnectMultiple (node:net:1712:7)
        at TCPConnectWrap.callbackTrampoline (node:internal/async_hooks:130:17) {
      code: 'ECONNREFUSED',
      [errors]: [Array]
    }
  }
}
❌ resolveShopByDomain error: MongoServerSelectionError: connect ECONNREFUSED ::1:27018, connect ECONNREFUSED 127.0.0.1:27018
    at Topology.selectServer (C:\website\ecom-multi\backend\node_modules\mongoose\node_modules\mongodb\lib\sdam\topology.js:327:38)
    at runNextTicks (node:internal/process/task_queues:65:5)
    at listOnTimeout (node:internal/timers:555:9)
    at process.processTimers (node:internal/timers:529:7)
    at async tryOperation (C:\website\ecom-multi\backend\node_modules\mongoose\node_modules\mongodb\lib\operations\execute_operation.js:148:18)
    at async executeOperation (C:\website\ecom-multi\backend\node_modules\mongoose\node_modules\mongodb\lib\operations\execute_operation.js:78:16)
    at async FindCursor._initialize (C:\website\ecom-multi\backend\node_modules\mongoose\node_modules\mongodb\lib\cursor\find_cursor.js:62:26)
    at async FindCursor.cursorInit (C:\website\ecom-multi\backend\node_modules\mongoose\node_modules\mongodb\lib\cursor\abstract_cursor.js:632:27)
    at async FindCursor.fetchBatch (C:\website\ecom-multi\backend\node_modules\mongoose\node_modules\mongodb\lib\cursor\abstract_cursor.js:666:13)
    at async FindCursor.next (C:\website\ecom-multi\backend\node_modules\mongoose\node_modules\mongodb\lib\cursor\abstract_cursor.js:342:17) {
  errorLabelSet: Set(0) {},
  reason: TopologyDescription {
    type: 'Single',
    servers: Map(1) { 'localhost:27018' => [ServerDescription] },
    stale: false,
    compatible: true,
    heartbeatFrequencyMS: 10000,
    localThresholdMS: 15,
    setName: null,
    maxElectionId: null,
    maxSetVersion: null,
    commonWireVersion: 0,
    logicalSessionTimeoutMinutes: null
  },
  code: undefined,
  [cause]: MongoNetworkError: connect ECONNREFUSED ::1:27018, connect ECONNREFUSED 127.0.0.1:27018
      at Socket.<anonymous> (C:\website\ecom-multi\backend\node_modules\mongoose\node_modules\mongodb\lib\cmap\connect.js:286:44)
      at Object.onceWrapper (node:events:633:26)
      at Socket.emit (node:events:518:28)
      at emitErrorNT (node:internal/streams/destroy:170:8)
      at emitErrorCloseNT (node:internal/streams/destroy:129:3)
      at process.processTicksAndRejections (node:internal/process/task_queues:90:21) {
    errorLabelSet: Set(1) { 'ResetPool' },
    beforeHandshake: false,
    [cause]: AggregateError [ECONNREFUSED]: 
        at internalConnectMultiple (node:net:1139:18)
        at afterConnectMultiple (node:net:1712:7)
        at TCPConnectWrap.callbackTrampoline (node:internal/async_hooks:130:17) {
      code: 'ECONNREFUSED',
      [errors]: [Array]
    }
  }
}
❌ resolveShopByDomain error: MongoServerSelectionError: connect ECONNREFUSED ::1:27018, connect ECONNREFUSED 127.0.0.1:27018
    at Topology.selectServer (C:\website\ecom-multi\backend\node_modules\mongoose\node_modules\mongodb\lib\sdam\topology.js:327:38)
    at runNextTicks (node:internal/process/task_queues:65:5)
    at listOnTimeout (node:internal/timers:555:9)
    at process.processTimers (node:internal/timers:529:7)
    at async tryOperation (C:\website\ecom-multi\backend\node_modules\mongoose\node_modules\mongodb\lib\operations\execute_operation.js:148:18)
    at async executeOperation (C:\website\ecom-multi\backend\node_modules\mongoose\node_modules\mongodb\lib\operations\execute_operation.js:78:16)
    at async FindCursor._initialize (C:\website\ecom-multi\backend\node_modules\mongoose\node_modules\mongodb\lib\cursor\find_cursor.js:62:26)
    at async FindCursor.cursorInit (C:\website\ecom-multi\backend\node_modules\mongoose\node_modules\mongodb\lib\cursor\abstract_cursor.js:632:27)
    at async FindCursor.fetchBatch (C:\website\ecom-multi\backend\node_modules\mongoose\node_modules\mongodb\lib\cursor\abstract_cursor.js:666:13)
    at async FindCursor.next (C:\website\ecom-multi\backend\node_modules\mongoose\node_modules\mongodb\lib\cursor\abstract_cursor.js:342:17) {
  errorLabelSet: Set(0) {},
  reason: TopologyDescription {
    type: 'Single',
    servers: Map(1) { 'localhost:27018' => [ServerDescription] },
    stale: false,
    compatible: true,
    heartbeatFrequencyMS: 10000,
    localThresholdMS: 15,
    setName: null,
    maxElectionId: null,
    maxSetVersion: null,
    commonWireVersion: 0,
    logicalSessionTimeoutMinutes: null
  },
  code: undefined,
  [cause]: MongoNetworkError: connect ECONNREFUSED ::1:27018, connect ECONNREFUSED 127.0.0.1:27018
      at Socket.<anonymous> (C:\website\ecom-multi\backend\node_modules\mongoose\node_modules\mongodb\lib\cmap\connect.js:286:44)
      at Object.onceWrapper (node:events:633:26)
      at Socket.emit (node:events:518:28)
      at emitErrorNT (node:internal/streams/destroy:170:8)
      at emitErrorCloseNT (node:internal/streams/destroy:129:3)
      at process.processTicksAndRejections (node:internal/process/task_queues:90:21) {
    errorLabelSet: Set(1) { 'ResetPool' },
    beforeHandshake: false,
    [cause]: AggregateError [ECONNREFUSED]: 
        at internalConnectMultiple (node:net:1139:18)
        at afterConnectMultiple (node:net:1712:7)
        at TCPConnectWrap.callbackTrampoline (node:internal/async_hooks:130:17) {
      code: 'ECONNREFUSED',
      [errors]: [Array]
    }
  }
}
❌ resolveShopByDomain error: MongoServerSelectionError: connect ECONNREFUSED ::1:27018, connect ECONNREFUSED 127.0.0.1:27018
    at Topology.selectServer (C:\website\ecom-multi\backend\node_modules\mongoose\node_modules\mongodb\lib\sdam\topology.js:327:38)
    at runNextTicks (node:internal/process/task_queues:65:5)
    at listOnTimeout (node:internal/timers:555:9)
    at process.processTimers (node:internal/timers:529:7)
    at async tryOperation (C:\website\ecom-multi\backend\node_modules\mongoose\node_modules\mongodb\lib\operations\execute_operation.js:148:18)
    at async executeOperation (C:\website\ecom-multi\backend\node_modules\mongoose\node_modules\mongodb\lib\operations\execute_operation.js:78:16)
    at async FindCursor._initialize (C:\website\ecom-multi\backend\node_modules\mongoose\node_modules\mongodb\lib\cursor\find_cursor.js:62:26)
    at async FindCursor.cursorInit (C:\website\ecom-multi\backend\node_modules\mongoose\node_modules\mongodb\lib\cursor\abstract_cursor.js:632:27)
    at async FindCursor.fetchBatch (C:\website\ecom-multi\backend\node_modules\mongoose\node_modules\mongodb\lib\cursor\abstract_cursor.js:666:13)
    at async FindCursor.next (C:\website\ecom-multi\backend\node_modules\mongoose\node_modules\mongodb\lib\cursor\abstract_cursor.js:342:17) {
  errorLabelSet: Set(0) {},
  reason: TopologyDescription {
    type: 'Single',
    servers: Map(1) { 'localhost:27018' => [ServerDescription] },
    stale: false,
    compatible: true,
    heartbeatFrequencyMS: 10000,
    localThresholdMS: 15,
    setName: null,
    maxElectionId: null,
    maxSetVersion: null,
    commonWireVersion: 0,
    logicalSessionTimeoutMinutes: null
  },
  code: undefined,
  [cause]: MongoNetworkError: connect ECONNREFUSED ::1:27018, connect ECONNREFUSED 127.0.0.1:27018
      at Socket.<anonymous> (C:\website\ecom-multi\backend\node_modules\mongoose\node_modules\mongodb\lib\cmap\connect.js:286:44)
      at Object.onceWrapper (node:events:633:26)
      at Socket.emit (node:events:518:28)
      at emitErrorNT (node:internal/streams/destroy:170:8)
      at emitErrorCloseNT (node:internal/streams/destroy:129:3)
      at process.processTicksAndRejections (node:internal/process/task_queues:90:21) {
    errorLabelSet: Set(1) { 'ResetPool' },
    beforeHandshake: false,
    [cause]: AggregateError [ECONNREFUSED]: 
        at internalConnectMultiple (node:net:1139:18)
        at afterConnectMultiple (node:net:1712:7)
        at TCPConnectWrap.callbackTrampoline (node:internal/async_hooks:130:17) {
      code: 'ECONNREFUSED',
      [errors]: [Array]
    }
  }
}
❌ resolveShopByDomain error: MongoServerSelectionError: connect ECONNREFUSED ::1:27018, connect ECONNREFUSED 127.0.0.1:27018
    at Topology.selectServer (C:\website\ecom-multi\backend\node_modules\mongoose\node_modules\mongodb\lib\sdam\topology.js:327:38)
    at async tryOperation (C:\website\ecom-multi\backend\node_modules\mongoose\node_modules\mongodb\lib\operations\execute_operation.js:148:18)
    at async executeOperation (C:\website\ecom-multi\backend\node_modules\mongoose\node_modules\mongodb\lib\operations\execute_operation.js:78:16)
    at async FindCursor._initialize (C:\website\ecom-multi\backend\node_modules\mongoose\node_modules\mongodb\lib\cursor\find_cursor.js:62:26)
    at async FindCursor.cursorInit (C:\website\ecom-multi\backend\node_modules\mongoose\node_modules\mongodb\lib\cursor\abstract_cursor.js:632:27)
    at async FindCursor.fetchBatch (C:\website\ecom-multi\backend\node_modules\mongoose\node_modules\mongodb\lib\cursor\abstract_cursor.js:666:13)
    at async FindCursor.next (C:\website\ecom-multi\backend\node_modules\mongoose\node_modules\mongodb\lib\cursor\abstract_cursor.js:342:17)
    at async Collection.findOne (C:\website\ecom-multi\backend\node_modules\mongoose\node_modules\mongodb\lib\collection.js:313:24)
    at async model.Query._findOne (C:\website\ecom-multi\backend\node_modules\mongoose\lib\query.js:2710:15)
    at async model.Query.exec (C:\website\ecom-multi\backend\node_modules\mongoose\lib\query.js:4627:63) {
  errorLabelSet: Set(0) {},
  reason: TopologyDescription {
    type: 'Single',
    servers: Map(1) { 'localhost:27018' => [ServerDescription] },
    stale: false,
    compatible: true,
    heartbeatFrequencyMS: 10000,
    localThresholdMS: 15,
    setName: null,
    maxElectionId: null,
    maxSetVersion: null,
    commonWireVersion: 0,
    logicalSessionTimeoutMinutes: null
  },
  code: undefined,
  [cause]: MongoNetworkError: connect ECONNREFUSED ::1:27018, connect ECONNREFUSED 127.0.0.1:27018
      at Socket.<anonymous> (C:\website\ecom-multi\backend\node_modules\mongoose\node_modules\mongodb\lib\cmap\connect.js:286:44)
      at Object.onceWrapper (node:events:633:26)
      at Socket.emit (node:events:518:28)
      at emitErrorNT (node:internal/streams/destroy:170:8)
      at emitErrorCloseNT (node:internal/streams/destroy:129:3)
      at process.processTicksAndRejections (node:internal/process/task_queues:90:21) {
    errorLabelSet: Set(1) { 'ResetPool' },
    beforeHandshake: false,
    [cause]: AggregateError [ECONNREFUSED]: 
        at internalConnectMultiple (node:net:1139:18)
        at afterConnectMultiple (node:net:1712:7)
        at TCPConnectWrap.callbackTrampoline (node:internal/async_hooks:130:17) {
      code: 'ECONNREFUSED',
      [errors]: [Array]
    }
  }
}
❌ resolveShopByDomain error: MongoServerSelectionError: connect ECONNREFUSED ::1:27018, connect ECONNREFUSED 127.0.0.1:27018
    at Topology.selectServer (C:\website\ecom-multi\backend\node_modules\mongoose\node_modules\mongodb\lib\sdam\topology.js:327:38)
    at async tryOperation (C:\website\ecom-multi\backend\node_modules\mongoose\node_modules\mongodb\lib\operations\execute_operation.js:148:18)
    at async executeOperation (C:\website\ecom-multi\backend\node_modules\mongoose\node_modules\mongodb\lib\operations\execute_operation.js:78:16)
    at async FindCursor._initialize (C:\website\ecom-multi\backend\node_modules\mongoose\node_modules\mongodb\lib\cursor\find_cursor.js:62:26)
    at async FindCursor.cursorInit (C:\website\ecom-multi\backend\node_modules\mongoose\node_modules\mongodb\lib\cursor\abstract_cursor.js:632:27)
    at async FindCursor.fetchBatch (C:\website\ecom-multi\backend\node_modules\mongoose\node_modules\mongodb\lib\cursor\abstract_cursor.js:666:13)
    at async FindCursor.next (C:\website\ecom-multi\backend\node_modules\mongoose\node_modules\mongodb\lib\cursor\abstract_cursor.js:342:17)
    at async Collection.findOne (C:\website\ecom-multi\backend\node_modules\mongoose\node_modules\mongodb\lib\collection.js:313:24)
    at async model.Query._findOne (C:\website\ecom-multi\backend\node_modules\mongoose\lib\query.js:2710:15)
    at async model.Query.exec (C:\website\ecom-multi\backend\node_modules\mongoose\lib\query.js:4627:63) {
  errorLabelSet: Set(0) {},
  reason: TopologyDescription {
    type: 'Single',
    servers: Map(1) { 'localhost:27018' => [ServerDescription] },
    stale: false,
    compatible: true,
    heartbeatFrequencyMS: 10000,
    localThresholdMS: 15,
    setName: null,
    maxElectionId: null,
    maxSetVersion: null,
    commonWireVersion: 0,
    logicalSessionTimeoutMinutes: null
  },
  code: undefined,
  [cause]: MongoNetworkError: connect ECONNREFUSED ::1:27018, connect ECONNREFUSED 127.0.0.1:27018
      at Socket.<anonymous> (C:\website\ecom-multi\backend\node_modules\mongoose\node_modules\mongodb\lib\cmap\connect.js:286:44)
      at Object.onceWrapper (node:events:633:26)
      at Socket.emit (node:events:518:28)
      at emitErrorNT (node:internal/streams/destroy:170:8)
      at emitErrorCloseNT (node:internal/streams/destroy:129:3)
      at process.processTicksAndRejections (node:internal/process/task_queues:90:21) {
    errorLabelSet: Set(1) { 'ResetPool' },
    beforeHandshake: false,
    [cause]: AggregateError [ECONNREFUSED]: 
        at internalConnectMultiple (node:net:1139:18)
        at afterConnectMultiple (node:net:1712:7)
        at TCPConnectWrap.callbackTrampoline (node:internal/async_hooks:130:17) {
      code: 'ECONNREFUSED',
      [errors]: [Array]
    }
  }
}
❌ resolveShopByDomain error: MongoServerSelectionError: connect ECONNREFUSED ::1:27018, connect ECONNREFUSED 127.0.0.1:27018
    at Topology.selectServer (C:\website\ecom-multi\backend\node_modules\mongoose\node_modules\mongodb\lib\sdam\topology.js:327:38)
    at async tryOperation (C:\website\ecom-multi\backend\node_modules\mongoose\node_modules\mongodb\lib\operations\execute_operation.js:148:18)
    at async executeOperation (C:\website\ecom-multi\backend\node_modules\mongoose\node_modules\mongodb\lib\operations\execute_operation.js:78:16)
    at async FindCursor._initialize (C:\website\ecom-multi\backend\node_modules\mongoose\node_modules\mongodb\lib\cursor\find_cursor.js:62:26)
    at async FindCursor.cursorInit (C:\website\ecom-multi\backend\node_modules\mongoose\node_modules\mongodb\lib\cursor\abstract_cursor.js:632:27)
    at async FindCursor.fetchBatch (C:\website\ecom-multi\backend\node_modules\mongoose\node_modules\mongodb\lib\cursor\abstract_cursor.js:666:13)
    at async FindCursor.next (C:\website\ecom-multi\backend\node_modules\mongoose\node_modules\mongodb\lib\cursor\abstract_cursor.js:342:17)
    at async Collection.findOne (C:\website\ecom-multi\backend\node_modules\mongoose\node_modules\mongodb\lib\collection.js:313:24)
    at async model.Query._findOne (C:\website\ecom-multi\backend\node_modules\mongoose\lib\query.js:2710:15)
    at async model.Query.exec (C:\website\ecom-multi\backend\node_modules\mongoose\lib\query.js:4627:63) {
  errorLabelSet: Set(0) {},
  reason: TopologyDescription {
    type: 'Single',
    servers: Map(1) { 'localhost:27018' => [ServerDescription] },
    stale: false,
    compatible: true,
    heartbeatFrequencyMS: 10000,
    localThresholdMS: 15,
    setName: null,
    maxElectionId: null,
    maxSetVersion: null,
    commonWireVersion: 0,
    logicalSessionTimeoutMinutes: null
  },
  code: undefined,
  [cause]: MongoNetworkError: connect ECONNREFUSED ::1:27018, connect ECONNREFUSED 127.0.0.1:27018
      at Socket.<anonymous> (C:\website\ecom-multi\backend\node_modules\mongoose\node_modules\mongodb\lib\cmap\connect.js:286:44)
      at Object.onceWrapper (node:events:633:26)
      at Socket.emit (node:events:518:28)
      at emitErrorNT (node:internal/streams/destroy:170:8)
      at emitErrorCloseNT (node:internal/streams/destroy:129:3)
      at process.processTicksAndRejections (node:internal/process/task_queues:90:21) {
    errorLabelSet: Set(1) { 'ResetPool' },
    beforeHandshake: false,
    [cause]: AggregateError [ECONNREFUSED]: 
        at internalConnectMultiple (node:net:1139:18)
        at afterConnectMultiple (node:net:1712:7)
        at TCPConnectWrap.callbackTrampoline (node:internal/async_hooks:130:17) {
      code: 'ECONNREFUSED',
      [errors]: [Array]
    }
  }
}
❌ resolveShopByDomain error: MongoServerSelectionError: connect ECONNREFUSED ::1:27018, connect ECONNREFUSED 127.0.0.1:27018
    at Topology.selectServer (C:\website\ecom-multi\backend\node_modules\mongoose\node_modules\mongodb\lib\sdam\topology.js:327:38)
    at async tryOperation (C:\website\ecom-multi\backend\node_modules\mongoose\node_modules\mongodb\lib\operations\execute_operation.js:148:18)
    at async executeOperation (C:\website\ecom-multi\backend\node_modules\mongoose\node_modules\mongodb\lib\operations\execute_operation.js:78:16)
    at async FindCursor._initialize (C:\website\ecom-multi\backend\node_modules\mongoose\node_modules\mongodb\lib\cursor\find_cursor.js:62:26)
    at async FindCursor.cursorInit (C:\website\ecom-multi\backend\node_modules\mongoose\node_modules\mongodb\lib\cursor\abstract_cursor.js:632:27)
    at async FindCursor.fetchBatch (C:\website\ecom-multi\backend\node_modules\mongoose\node_modules\mongodb\lib\cursor\abstract_cursor.js:666:13)
    at async FindCursor.next (C:\website\ecom-multi\backend\node_modules\mongoose\node_modules\mongodb\lib\cursor\abstract_cursor.js:342:17)
    at async Collection.findOne (C:\website\ecom-multi\backend\node_modules\mongoose\node_modules\mongodb\lib\collection.js:313:24)
    at async model.Query._findOne (C:\website\ecom-multi\backend\node_modules\mongoose\lib\query.js:2710:15)
    at async model.Query.exec (C:\website\ecom-multi\backend\node_modules\mongoose\lib\query.js:4627:63) {
  errorLabelSet: Set(0) {},
  reason: TopologyDescription {
    type: 'Single',
    servers: Map(1) { 'localhost:27018' => [ServerDescription] },
    stale: false,
    compatible: true,
    heartbeatFrequencyMS: 10000,
    localThresholdMS: 15,
    setName: null,
    maxElectionId: null,
    maxSetVersion: null,
    commonWireVersion: 0,
    logicalSessionTimeoutMinutes: null
  },
  code: undefined,
  [cause]: MongoNetworkError: connect ECONNREFUSED ::1:27018, connect ECONNREFUSED 127.0.0.1:27018
      at Socket.<anonymous> (C:\website\ecom-multi\backend\node_modules\mongoose\node_modules\mongodb\lib\cmap\connect.js:286:44)
      at Object.onceWrapper (node:events:633:26)
      at Socket.emit (node:events:518:28)
      at emitErrorNT (node:internal/streams/destroy:170:8)
      at emitErrorCloseNT (node:internal/streams/destroy:129:3)
      at process.processTicksAndRejections (node:internal/process/task_queues:90:21) {
    errorLabelSet: Set(1) { 'ResetPool' },
    beforeHandshake: false,
    [cause]: AggregateError [ECONNREFUSED]: 
        at internalConnectMultiple (node:net:1139:18)
        at afterConnectMultiple (node:net:1712:7)
        at TCPConnectWrap.callbackTrampoline (node:internal/async_hooks:130:17) {
      code: 'ECONNREFUSED',
      [errors]: [Array]
    }
  }
}
❌ resolveShopByDomain error: MongoServerSelectionError: connect ECONNREFUSED ::1:27018, connect ECONNREFUSED 127.0.0.1:27018
    at Topology.selectServer (C:\website\ecom-multi\backend\node_modules\mongoose\node_modules\mongodb\lib\sdam\topology.js:327:38)
    at runNextTicks (node:internal/process/task_queues:65:5)
    at listOnTimeout (node:internal/timers:555:9)
    at process.processTimers (node:internal/timers:529:7)
    at async tryOperation (C:\website\ecom-multi\backend\node_modules\mongoose\node_modules\mongodb\lib\operations\execute_operation.js:148:18)
    at async executeOperation (C:\website\ecom-multi\backend\node_modules\mongoose\node_modules\mongodb\lib\operations\execute_operation.js:78:16)
    at async FindCursor._initialize (C:\website\ecom-multi\backend\node_modules\mongoose\node_modules\mongodb\lib\cursor\find_cursor.js:62:26)
    at async FindCursor.cursorInit (C:\website\ecom-multi\backend\node_modules\mongoose\node_modules\mongodb\lib\cursor\abstract_cursor.js:632:27)
    at async FindCursor.fetchBatch (C:\website\ecom-multi\backend\node_modules\mongoose\node_modules\mongodb\lib\cursor\abstract_cursor.js:666:13)
    at async FindCursor.next (C:\website\ecom-multi\backend\node_modules\mongoose\node_modules\mongodb\lib\cursor\abstract_cursor.js:342:17) {
  errorLabelSet: Set(0) {},
  reason: TopologyDescription {
    type: 'Single',
    servers: Map(1) { 'localhost:27018' => [ServerDescription] },
    stale: false,
    compatible: true,
    heartbeatFrequencyMS: 10000,
    localThresholdMS: 15,
    setName: null,
    maxElectionId: null,
    maxSetVersion: null,
    commonWireVersion: 0,
    logicalSessionTimeoutMinutes: null
  },
  code: undefined,
  [cause]: MongoNetworkError: connect ECONNREFUSED ::1:27018, connect ECONNREFUSED 127.0.0.1:27018
      at Socket.<anonymous> (C:\website\ecom-multi\backend\node_modules\mongoose\node_modules\mongodb\lib\cmap\connect.js:286:44)
      at Object.onceWrapper (node:events:633:26)
      at Socket.emit (node:events:518:28)
      at emitErrorNT (node:internal/streams/destroy:170:8)
      at emitErrorCloseNT (node:internal/streams/destroy:129:3)
      at process.processTicksAndRejections (node:internal/process/task_queues:90:21) {
    errorLabelSet: Set(1) { 'ResetPool' },
    beforeHandshake: false,
    [cause]: AggregateError [ECONNREFUSED]: 
        at internalConnectMultiple (node:net:1139:18)
        at afterConnectMultiple (node:net:1712:7)
        at TCPConnectWrap.callbackTrampoline (node:internal/async_hooks:130:17) {
      code: 'ECONNREFUSED',
      [errors]: [Array]
    }
  }
}
❌ resolveShopByDomain error: MongoServerSelectionError: connect ECONNREFUSED ::1:27018, connect ECONNREFUSED 127.0.0.1:27018
    at Topology.selectServer (C:\website\ecom-multi\backend\node_modules\mongoose\node_modules\mongodb\lib\sdam\topology.js:327:38)
    at runNextTicks (node:internal/process/task_queues:65:5)
    at listOnTimeout (node:internal/timers:555:9)
    at process.processTimers (node:internal/timers:529:7)
    at async tryOperation (C:\website\ecom-multi\backend\node_modules\mongoose\node_modules\mongodb\lib\operations\execute_operation.js:148:18)
    at async executeOperation (C:\website\ecom-multi\backend\node_modules\mongoose\node_modules\mongodb\lib\operations\execute_operation.js:78:16)
    at async FindCursor._initialize (C:\website\ecom-multi\backend\node_modules\mongoose\node_modules\mongodb\lib\cursor\find_cursor.js:62:26)
    at async FindCursor.cursorInit (C:\website\ecom-multi\backend\node_modules\mongoose\node_modules\mongodb\lib\cursor\abstract_cursor.js:632:27)
    at async FindCursor.fetchBatch (C:\website\ecom-multi\backend\node_modules\mongoose\node_modules\mongodb\lib\cursor\abstract_cursor.js:666:13)
    at async FindCursor.next (C:\website\ecom-multi\backend\node_modules\mongoose\node_modules\mongodb\lib\cursor\abstract_cursor.js:342:17) {
  errorLabelSet: Set(0) {},
  reason: TopologyDescription {
    type: 'Single',
    servers: Map(1) { 'localhost:27018' => [ServerDescription] },
    stale: false,
    compatible: true,
    heartbeatFrequencyMS: 10000,
    localThresholdMS: 15,
    setName: null,
    maxElectionId: null,
    maxSetVersion: null,
    commonWireVersion: 0,
    logicalSessionTimeoutMinutes: null
  },
  code: undefined,
  [cause]: MongoNetworkError: connect ECONNREFUSED ::1:27018, connect ECONNREFUSED 127.0.0.1:27018
      at Socket.<anonymous> (C:\website\ecom-multi\backend\node_modules\mongoose\node_modules\mongodb\lib\cmap\connect.js:286:44)
      at Object.onceWrapper (node:events:633:26)
      at Socket.emit (node:events:518:28)
      at emitErrorNT (node:internal/streams/destroy:170:8)
      at emitErrorCloseNT (node:internal/streams/destroy:129:3)
      at process.processTicksAndRejections (node:internal/process/task_queues:90:21) {
    errorLabelSet: Set(1) { 'ResetPool' },
    beforeHandshake: false,
    [cause]: AggregateError [ECONNREFUSED]: 
        at internalConnectMultiple (node:net:1139:18)
        at afterConnectMultiple (node:net:1712:7)
        at TCPConnectWrap.callbackTrampoline (node:internal/async_hooks:130:17) {
      code: 'ECONNREFUSED',
      [errors]: [Array]
    }
  }
}
❌ resolveShopByDomain error: MongoServerSelectionError: connect ECONNREFUSED ::1:27018, connect ECONNREFUSED 127.0.0.1:27018
    at Topology.selectServer (C:\website\ecom-multi\backend\node_modules\mongoose\node_modules\mongodb\lib\sdam\topology.js:327:38)
    at async tryOperation (C:\website\ecom-multi\backend\node_modules\mongoose\node_modules\mongodb\lib\operations\execute_operation.js:148:18)
    at async executeOperation (C:\website\ecom-multi\backend\node_modules\mongoose\node_modules\mongodb\lib\operations\execute_operation.js:78:16)
    at async FindCursor._initialize (C:\website\ecom-multi\backend\node_modules\mongoose\node_modules\mongodb\lib\cursor\find_cursor.js:62:26)
    at async FindCursor.cursorInit (C:\website\ecom-multi\backend\node_modules\mongoose\node_modules\mongodb\lib\cursor\abstract_cursor.js:632:27)
    at async FindCursor.fetchBatch (C:\website\ecom-multi\backend\node_modules\mongoose\node_modules\mongodb\lib\cursor\abstract_cursor.js:666:13)
    at async FindCursor.next (C:\website\ecom-multi\backend\node_modules\mongoose\node_modules\mongodb\lib\cursor\abstract_cursor.js:342:17)
    at async Collection.findOne (C:\website\ecom-multi\backend\node_modules\mongoose\node_modules\mongodb\lib\collection.js:313:24)
    at async model.Query._findOne (C:\website\ecom-multi\backend\node_modules\mongoose\lib\query.js:2710:15)
    at async model.Query.exec (C:\website\ecom-multi\backend\node_modules\mongoose\lib\query.js:4627:63) {
  errorLabelSet: Set(0) {},
  reason: TopologyDescription {
    type: 'Single',
    servers: Map(1) { 'localhost:27018' => [ServerDescription] },
    stale: false,
    compatible: true,
    heartbeatFrequencyMS: 10000,
    localThresholdMS: 15,
    setName: null,
    maxElectionId: null,
    maxSetVersion: null,
    commonWireVersion: 0,
    logicalSessionTimeoutMinutes: null
  },
  code: undefined,
  [cause]: MongoNetworkError: connect ECONNREFUSED ::1:27018, connect ECONNREFUSED 127.0.0.1:27018
      at Socket.<anonymous> (C:\website\ecom-multi\backend\node_modules\mongoose\node_modules\mongodb\lib\cmap\connect.js:286:44)
      at Object.onceWrapper (node:events:633:26)
      at Socket.emit (node:events:518:28)
      at emitErrorNT (node:internal/streams/destroy:170:8)
      at emitErrorCloseNT (node:internal/streams/destroy:129:3)
      at process.processTicksAndRejections (node:internal/process/task_queues:90:21) {
    errorLabelSet: Set(1) { 'ResetPool' },
    beforeHandshake: false,
    [cause]: AggregateError [ECONNREFUSED]: 
        at internalConnectMultiple (node:net:1139:18)
        at afterConnectMultiple (node:net:1712:7)
        at TCPConnectWrap.callbackTrampoline (node:internal/async_hooks:130:17) {
      code: 'ECONNREFUSED',
      [errors]: [Array]
    }
  }
}
❌ resolveShopByDomain error: MongoServerSelectionError: connect ECONNREFUSED ::1:27018, connect ECONNREFUSED 127.0.0.1:27018
    at Topology.selectServer (C:\website\ecom-multi\backend\node_modules\mongoose\node_modules\mongodb\lib\sdam\topology.js:327:38)
    at async tryOperation (C:\website\ecom-multi\backend\node_modules\mongoose\node_modules\mongodb\lib\operations\execute_operation.js:148:18)
    at async executeOperation (C:\website\ecom-multi\backend\node_modules\mongoose\node_modules\mongodb\lib\operations\execute_operation.js:78:16)
    at async FindCursor._initialize (C:\website\ecom-multi\backend\node_modules\mongoose\node_modules\mongodb\lib\cursor\find_cursor.js:62:26)
    at async FindCursor.cursorInit (C:\website\ecom-multi\backend\node_modules\mongoose\node_modules\mongodb\lib\cursor\abstract_cursor.js:632:27)
    at async FindCursor.fetchBatch (C:\website\ecom-multi\backend\node_modules\mongoose\node_modules\mongodb\lib\cursor\abstract_cursor.js:666:13)
    at async FindCursor.next (C:\website\ecom-multi\backend\node_modules\mongoose\node_modules\mongodb\lib\cursor\abstract_cursor.js:342:17)
    at async Collection.findOne (C:\website\ecom-multi\backend\node_modules\mongoose\node_modules\mongodb\lib\collection.js:313:24)
    at async model.Query._findOne (C:\website\ecom-multi\backend\node_modules\mongoose\lib\query.js:2710:15)
    at async model.Query.exec (C:\website\ecom-multi\backend\node_modules\mongoose\lib\query.js:4627:63) {
  errorLabelSet: Set(0) {},
  reason: TopologyDescription {
    type: 'Single',
    servers: Map(1) { 'localhost:27018' => [ServerDescription] },
    stale: false,
    compatible: true,
    heartbeatFrequencyMS: 10000,
    localThresholdMS: 15,
    setName: null,
    maxElectionId: null,
    maxSetVersion: null,
    commonWireVersion: 0,
    logicalSessionTimeoutMinutes: null
  },
  code: undefined,
  [cause]: MongoNetworkError: connect ECONNREFUSED ::1:27018, connect ECONNREFUSED 127.0.0.1:27018
      at Socket.<anonymous> (C:\website\ecom-multi\backend\node_modules\mongoose\node_modules\mongodb\lib\cmap\connect.js:286:44)
      at Object.onceWrapper (node:events:633:26)
      at Socket.emit (node:events:518:28)
      at emitErrorNT (node:internal/streams/destroy:170:8)
      at emitErrorCloseNT (node:internal/streams/destroy:129:3)
      at process.processTicksAndRejections (node:internal/process/task_queues:90:21) {
    errorLabelSet: Set(1) { 'ResetPool' },
    beforeHandshake: false,
    [cause]: AggregateError [ECONNREFUSED]: 
        at internalConnectMultiple (node:net:1139:18)
        at afterConnectMultiple (node:net:1712:7)
        at TCPConnectWrap.callbackTrampoline (node:internal/async_hooks:130:17) {
      code: 'ECONNREFUSED',
      [errors]: [Array]
    }
  }
}
❌ resolveShopByDomain error: MongoServerSelectionError: connect ECONNREFUSED ::1:27018, connect ECONNREFUSED 127.0.0.1:27018
    at Topology.selectServer (C:\website\ecom-multi\backend\node_modules\mongoose\node_modules\mongodb\lib\sdam\topology.js:327:38)
    at runNextTicks (node:internal/process/task_queues:65:5)
    at listOnTimeout (node:internal/timers:555:9)
    at process.processTimers (node:internal/timers:529:7)
    at async tryOperation (C:\website\ecom-multi\backend\node_modules\mongoose\node_modules\mongodb\lib\operations\execute_operation.js:148:18)
    at async executeOperation (C:\website\ecom-multi\backend\node_modules\mongoose\node_modules\mongodb\lib\operations\execute_operation.js:78:16)
    at async FindCursor._initialize (C:\website\ecom-multi\backend\node_modules\mongoose\node_modules\mongodb\lib\cursor\find_cursor.js:62:26)
    at async FindCursor.cursorInit (C:\website\ecom-multi\backend\node_modules\mongoose\node_modules\mongodb\lib\cursor\abstract_cursor.js:632:27)
    at async FindCursor.fetchBatch (C:\website\ecom-multi\backend\node_modules\mongoose\node_modules\mongodb\lib\cursor\abstract_cursor.js:666:13)
    at async FindCursor.next (C:\website\ecom-multi\backend\node_modules\mongoose\node_modules\mongodb\lib\cursor\abstract_cursor.js:342:17) {
  errorLabelSet: Set(0) {},
  reason: TopologyDescription {
    type: 'Single',
    servers: Map(1) { 'localhost:27018' => [ServerDescription] },
    stale: false,
    compatible: true,
    heartbeatFrequencyMS: 10000,
    localThresholdMS: 15,
    setName: null,
    maxElectionId: null,
    maxSetVersion: null,
    commonWireVersion: 0,
    logicalSessionTimeoutMinutes: null
  },
  code: undefined,
  [cause]: MongoNetworkError: connect ECONNREFUSED ::1:27018, connect ECONNREFUSED 127.0.0.1:27018
      at Socket.<anonymous> (C:\website\ecom-multi\backend\node_modules\mongoose\node_modules\mongodb\lib\cmap\connect.js:286:44)
      at Object.onceWrapper (node:events:633:26)
      at Socket.emit (node:events:518:28)
      at emitErrorNT (node:internal/streams/destroy:170:8)
      at emitErrorCloseNT (node:internal/streams/destroy:129:3)
      at process.processTicksAndRejections (node:internal/process/task_queues:90:21) {
    errorLabelSet: Set(1) { 'ResetPool' },
    beforeHandshake: false,
    [cause]: AggregateError [ECONNREFUSED]: 
        at internalConnectMultiple (node:net:1139:18)
        at afterConnectMultiple (node:net:1712:7)
        at TCPConnectWrap.callbackTrampoline (node:internal/async_hooks:130:17) {
      code: 'ECONNREFUSED',
      [errors]: [Array]
    }
  }
}
❌ resolveShopByDomain error: MongoServerSelectionError: connect ECONNREFUSED ::1:27018, connect ECONNREFUSED 127.0.0.1:27018
    at Topology.selectServer (C:\website\ecom-multi\backend\node_modules\mongoose\node_modules\mongodb\lib\sdam\topology.js:327:38)
    at async tryOperation (C:\website\ecom-multi\backend\node_modules\mongoose\node_modules\mongodb\lib\operations\execute_operation.js:148:18)
    at async executeOperation (C:\website\ecom-multi\backend\node_modules\mongoose\node_modules\mongodb\lib\operations\execute_operation.js:78:16)
    at async FindCursor._initialize (C:\website\ecom-multi\backend\node_modules\mongoose\node_modules\mongodb\lib\cursor\find_cursor.js:62:26)
    at async FindCursor.cursorInit (C:\website\ecom-multi\backend\node_modules\mongoose\node_modules\mongodb\lib\cursor\abstract_cursor.js:632:27)
    at async FindCursor.fetchBatch (C:\website\ecom-multi\backend\node_modules\mongoose\node_modules\mongodb\lib\cursor\abstract_cursor.js:666:13)
    at async FindCursor.next (C:\website\ecom-multi\backend\node_modules\mongoose\node_modules\mongodb\lib\cursor\abstract_cursor.js:342:17)
    at async Collection.findOne (C:\website\ecom-multi\backend\node_modules\mongoose\node_modules\mongodb\lib\collection.js:313:24)
    at async model.Query._findOne (C:\website\ecom-multi\backend\node_modules\mongoose\lib\query.js:2710:15)
    at async model.Query.exec (C:\website\ecom-multi\backend\node_modules\mongoose\lib\query.js:4627:63) {
  errorLabelSet: Set(0) {},
  reason: TopologyDescription {
    type: 'Single',
    servers: Map(1) { 'localhost:27018' => [ServerDescription] },
    stale: false,
    compatible: true,
    heartbeatFrequencyMS: 10000,
    localThresholdMS: 15,
    setName: null,
    maxElectionId: null,
    maxSetVersion: null,
    commonWireVersion: 0,
    logicalSessionTimeoutMinutes: null
  },
  code: undefined,
  [cause]: MongoNetworkError: connect ECONNREFUSED ::1:27018, connect ECONNREFUSED 127.0.0.1:27018
      at Socket.<anonymous> (C:\website\ecom-multi\backend\node_modules\mongoose\node_modules\mongodb\lib\cmap\connect.js:286:44)
      at Object.onceWrapper (node:events:633:26)
      at Socket.emit (node:events:518:28)
      at emitErrorNT (node:internal/streams/destroy:170:8)
      at emitErrorCloseNT (node:internal/streams/destroy:129:3)
      at process.processTicksAndRejections (node:internal/process/task_queues:90:21) {
    errorLabelSet: Set(1) { 'ResetPool' },
    beforeHandshake: false,
    [cause]: AggregateError [ECONNREFUSED]: 
        at internalConnectMultiple (node:net:1139:18)
        at afterConnectMultiple (node:net:1712:7)
        at TCPConnectWrap.callbackTrampoline (node:internal/async_hooks:130:17) {
      code: 'ECONNREFUSED',
      [errors]: [Array]
    }
  }
}
❌ resolveShopByDomain error: MongoServerSelectionError: connect ECONNREFUSED ::1:27018, connect ECONNREFUSED 127.0.0.1:27018
    at Topology.selectServer (C:\website\ecom-multi\backend\node_modules\mongoose\node_modules\mongodb\lib\sdam\topology.js:327:38)
    at runNextTicks (node:internal/process/task_queues:65:5)
    at listOnTimeout (node:internal/timers:555:9)
    at process.processTimers (node:internal/timers:529:7)
    at async tryOperation (C:\website\ecom-multi\backend\node_modules\mongoose\node_modules\mongodb\lib\operations\execute_operation.js:148:18)
    at async executeOperation (C:\website\ecom-multi\backend\node_modules\mongoose\node_modules\mongodb\lib\operations\execute_operation.js:78:16)
    at async FindCursor._initialize (C:\website\ecom-multi\backend\node_modules\mongoose\node_modules\mongodb\lib\cursor\find_cursor.js:62:26)
    at async FindCursor.cursorInit (C:\website\ecom-multi\backend\node_modules\mongoose\node_modules\mongodb\lib\cursor\abstract_cursor.js:632:27)
    at async FindCursor.fetchBatch (C:\website\ecom-multi\backend\node_modules\mongoose\node_modules\mongodb\lib\cursor\abstract_cursor.js:666:13)
    at async FindCursor.next (C:\website\ecom-multi\backend\node_modules\mongoose\node_modules\mongodb\lib\cursor\abstract_cursor.js:342:17) {
  errorLabelSet: Set(0) {},
  reason: TopologyDescription {
    type: 'Single',
    servers: Map(1) { 'localhost:27018' => [ServerDescription] },
    stale: false,
    compatible: true,
    heartbeatFrequencyMS: 10000,
    localThresholdMS: 15,
    setName: null,
    maxElectionId: null,
    maxSetVersion: null,
    commonWireVersion: 0,
    logicalSessionTimeoutMinutes: null
  },
  code: undefined,
  [cause]: MongoNetworkError: connect ECONNREFUSED ::1:27018, connect ECONNREFUSED 127.0.0.1:27018
      at Socket.<anonymous> (C:\website\ecom-multi\backend\node_modules\mongoose\node_modules\mongodb\lib\cmap\connect.js:286:44)
      at Object.onceWrapper (node:events:633:26)
      at Socket.emit (node:events:518:28)
      at emitErrorNT (node:internal/streams/destroy:170:8)
      at emitErrorCloseNT (node:internal/streams/destroy:129:3)
      at process.processTicksAndRejections (node:internal/process/task_queues:90:21) {
    errorLabelSet: Set(1) { 'ResetPool' },
    beforeHandshake: false,
    [cause]: AggregateError [ECONNREFUSED]: 
        at internalConnectMultiple (node:net:1139:18)
        at afterConnectMultiple (node:net:1712:7)
        at TCPConnectWrap.callbackTrampoline (node:internal/async_hooks:130:17) {
      code: 'ECONNREFUSED',
      [errors]: [Array]
    }
  }
}
❌ resolveShopByDomain error: MongoServerSelectionError: connect ECONNREFUSED ::1:27018, connect ECONNREFUSED 127.0.0.1:27018
    at Topology.selectServer (C:\website\ecom-multi\backend\node_modules\mongoose\node_modules\mongodb\lib\sdam\topology.js:327:38)
    at async tryOperation (C:\website\ecom-multi\backend\node_modules\mongoose\node_modules\mongodb\lib\operations\execute_operation.js:148:18)
    at async executeOperation (C:\website\ecom-multi\backend\node_modules\mongoose\node_modules\mongodb\lib\operations\execute_operation.js:78:16)
    at async FindCursor._initialize (C:\website\ecom-multi\backend\node_modules\mongoose\node_modules\mongodb\lib\cursor\find_cursor.js:62:26)
    at async FindCursor.cursorInit (C:\website\ecom-multi\backend\node_modules\mongoose\node_modules\mongodb\lib\cursor\abstract_cursor.js:632:27)
    at async FindCursor.fetchBatch (C:\website\ecom-multi\backend\node_modules\mongoose\node_modules\mongodb\lib\cursor\abstract_cursor.js:666:13)
    at async FindCursor.next (C:\website\ecom-multi\backend\node_modules\mongoose\node_modules\mongodb\lib\cursor\abstract_cursor.js:342:17)
    at async Collection.findOne (C:\website\ecom-multi\backend\node_modules\mongoose\node_modules\mongodb\lib\collection.js:313:24)
    at async model.Query._findOne (C:\website\ecom-multi\backend\node_modules\mongoose\lib\query.js:2710:15)
    at async model.Query.exec (C:\website\ecom-multi\backend\node_modules\mongoose\lib\query.js:4627:63) {
  errorLabelSet: Set(0) {},
  reason: TopologyDescription {
    type: 'Single',
    servers: Map(1) { 'localhost:27018' => [ServerDescription] },
    stale: false,
    compatible: true,
    heartbeatFrequencyMS: 10000,
    localThresholdMS: 15,
    setName: null,
    maxElectionId: null,
    maxSetVersion: null,
    commonWireVersion: 0,
    logicalSessionTimeoutMinutes: null
  },
  code: undefined,
  [cause]: MongoNetworkError: connect ECONNREFUSED ::1:27018, connect ECONNREFUSED 127.0.0.1:27018
      at Socket.<anonymous> (C:\website\ecom-multi\backend\node_modules\mongoose\node_modules\mongodb\lib\cmap\connect.js:286:44)
      at Object.onceWrapper (node:events:633:26)
      at Socket.emit (node:events:518:28)
      at emitErrorNT (node:internal/streams/destroy:170:8)
      at emitErrorCloseNT (node:internal/streams/destroy:129:3)
      at process.processTicksAndRejections (node:internal/process/task_queues:90:21) {
    errorLabelSet: Set(1) { 'ResetPool' },
    beforeHandshake: false,
    [cause]: AggregateError [ECONNREFUSED]: 
        at internalConnectMultiple (node:net:1139:18)
        at afterConnectMultiple (node:net:1712:7)
        at TCPConnectWrap.callbackTrampoline (node:internal/async_hooks:130:17) {
      code: 'ECONNREFUSED',
      [errors]: [Array]
    }
  }
}
❌ resolveShopByDomain error: MongoServerSelectionError: connect ECONNREFUSED ::1:27018, connect ECONNREFUSED 127.0.0.1:27018
    at Topology.selectServer (C:\website\ecom-multi\backend\node_modules\mongoose\node_modules\mongodb\lib\sdam\topology.js:327:38)
    at async tryOperation (C:\website\ecom-multi\backend\node_modules\mongoose\node_modules\mongodb\lib\operations\execute_operation.js:148:18)
    at async executeOperation (C:\website\ecom-multi\backend\node_modules\mongoose\node_modules\mongodb\lib\operations\execute_operation.js:78:16)
    at async FindCursor._initialize (C:\website\ecom-multi\backend\node_modules\mongoose\node_modules\mongodb\lib\cursor\find_cursor.js:62:26)
    at async FindCursor.cursorInit (C:\website\ecom-multi\backend\node_modules\mongoose\node_modules\mongodb\lib\cursor\abstract_cursor.js:632:27)
    at async FindCursor.fetchBatch (C:\website\ecom-multi\backend\node_modules\mongoose\node_modules\mongodb\lib\cursor\abstract_cursor.js:666:13)
    at async FindCursor.next (C:\website\ecom-multi\backend\node_modules\mongoose\node_modules\mongodb\lib\cursor\abstract_cursor.js:342:17)
    at async Collection.findOne (C:\website\ecom-multi\backend\node_modules\mongoose\node_modules\mongodb\lib\collection.js:313:24)
    at async model.Query._findOne (C:\website\ecom-multi\backend\node_modules\mongoose\lib\query.js:2710:15)
    at async model.Query.exec (C:\website\ecom-multi\backend\node_modules\mongoose\lib\query.js:4627:63) {
  errorLabelSet: Set(0) {},
  reason: TopologyDescription {
    type: 'Single',
    servers: Map(1) { 'localhost:27018' => [ServerDescription] },
    stale: false,
    compatible: true,
    heartbeatFrequencyMS: 10000,
    localThresholdMS: 15,
    setName: null,
    maxElectionId: null,
    maxSetVersion: null,
    commonWireVersion: 0,
    logicalSessionTimeoutMinutes: null
  },
  code: undefined,
  [cause]: MongoNetworkError: connect ECONNREFUSED ::1:27018, connect ECONNREFUSED 127.0.0.1:27018
      at Socket.<anonymous> (C:\website\ecom-multi\backend\node_modules\mongoose\node_modules\mongodb\lib\cmap\connect.js:286:44)
      at Object.onceWrapper (node:events:633:26)
      at Socket.emit (node:events:518:28)
      at emitErrorNT (node:internal/streams/destroy:170:8)
      at emitErrorCloseNT (node:internal/streams/destroy:129:3)
      at process.processTicksAndRejections (node:internal/process/task_queues:90:21) {
    errorLabelSet: Set(1) { 'ResetPool' },
    beforeHandshake: false,
    [cause]: AggregateError [ECONNREFUSED]: 
        at internalConnectMultiple (node:net:1139:18)
        at afterConnectMultiple (node:net:1712:7)
        at TCPConnectWrap.callbackTrampoline (node:internal/async_hooks:130:17) {
      code: 'ECONNREFUSED',
      [errors]: [Array]
    }
  }
}
❌ resolveShopByDomain error: MongoServerSelectionError: connect ECONNREFUSED ::1:27018, connect ECONNREFUSED 127.0.0.1:27018
    at Topology.selectServer (C:\website\ecom-multi\backend\node_modules\mongoose\node_modules\mongodb\lib\sdam\topology.js:327:38)
    at async tryOperation (C:\website\ecom-multi\backend\node_modules\mongoose\node_modules\mongodb\lib\operations\execute_operation.js:148:18)
    at async executeOperation (C:\website\ecom-multi\backend\node_modules\mongoose\node_modules\mongodb\lib\operations\execute_operation.js:78:16)
    at async FindCursor._initialize (C:\website\ecom-multi\backend\node_modules\mongoose\node_modules\mongodb\lib\cursor\find_cursor.js:62:26)
    at async FindCursor.cursorInit (C:\website\ecom-multi\backend\node_modules\mongoose\node_modules\mongodb\lib\cursor\abstract_cursor.js:632:27)
    at async FindCursor.fetchBatch (C:\website\ecom-multi\backend\node_modules\mongoose\node_modules\mongodb\lib\cursor\abstract_cursor.js:666:13)
    at async FindCursor.next (C:\website\ecom-multi\backend\node_modules\mongoose\node_modules\mongodb\lib\cursor\abstract_cursor.js:342:17)
    at async Collection.findOne (C:\website\ecom-multi\backend\node_modules\mongoose\node_modules\mongodb\lib\collection.js:313:24)
    at async model.Query._findOne (C:\website\ecom-multi\backend\node_modules\mongoose\lib\query.js:2710:15)
    at async model.Query.exec (C:\website\ecom-multi\backend\node_modules\mongoose\lib\query.js:4627:63) {
  errorLabelSet: Set(0) {},
  reason: TopologyDescription {
    type: 'Single',
    servers: Map(1) { 'localhost:27018' => [ServerDescription] },
    stale: false,
    compatible: true,
    heartbeatFrequencyMS: 10000,
    localThresholdMS: 15,
    setName: null,
    maxElectionId: null,
    maxSetVersion: null,
    commonWireVersion: 0,
    logicalSessionTimeoutMinutes: null
  },
  code: undefined,
  [cause]: MongoNetworkError: connect ECONNREFUSED ::1:27018, connect ECONNREFUSED 127.0.0.1:27018
      at Socket.<anonymous> (C:\website\ecom-multi\backend\node_modules\mongoose\node_modules\mongodb\lib\cmap\connect.js:286:44)
      at Object.onceWrapper (node:events:633:26)
      at Socket.emit (node:events:518:28)
      at emitErrorNT (node:internal/streams/destroy:170:8)
      at emitErrorCloseNT (node:internal/streams/destroy:129:3)
      at process.processTicksAndRejections (node:internal/process/task_queues:90:21) {
    errorLabelSet: Set(1) { 'ResetPool' },
    beforeHandshake: false,
    [cause]: AggregateError [ECONNREFUSED]: 
        at internalConnectMultiple (node:net:1139:18)
        at afterConnectMultiple (node:net:1712:7)
        at TCPConnectWrap.callbackTrampoline (node:internal/async_hooks:130:17) {
      code: 'ECONNREFUSED',
      [errors]: [Array]
    }
  }
}
❌ resolveShopByDomain error: MongoServerSelectionError: connect ECONNREFUSED ::1:27018, connect ECONNREFUSED 127.0.0.1:27018
    at Topology.selectServer (C:\website\ecom-multi\backend\node_modules\mongoose\node_modules\mongodb\lib\sdam\topology.js:327:38)
    at async tryOperation (C:\website\ecom-multi\backend\node_modules\mongoose\node_modules\mongodb\lib\operations\execute_operation.js:148:18)
    at async executeOperation (C:\website\ecom-multi\backend\node_modules\mongoose\node_modules\mongodb\lib\operations\execute_operation.js:78:16)
    at async FindCursor._initialize (C:\website\ecom-multi\backend\node_modules\mongoose\node_modules\mongodb\lib\cursor\find_cursor.js:62:26)
    at async FindCursor.cursorInit (C:\website\ecom-multi\backend\node_modules\mongoose\node_modules\mongodb\lib\cursor\abstract_cursor.js:632:27)
    at async FindCursor.fetchBatch (C:\website\ecom-multi\backend\node_modules\mongoose\node_modules\mongodb\lib\cursor\abstract_cursor.js:666:13)
    at async FindCursor.next (C:\website\ecom-multi\backend\node_modules\mongoose\node_modules\mongodb\lib\cursor\abstract_cursor.js:342:17)
    at async Collection.findOne (C:\website\ecom-multi\backend\node_modules\mongoose\node_modules\mongodb\lib\collection.js:313:24)
    at async model.Query._findOne (C:\website\ecom-multi\backend\node_modules\mongoose\lib\query.js:2710:15)
    at async model.Query.exec (C:\website\ecom-multi\backend\node_modules\mongoose\lib\query.js:4627:63) {
  errorLabelSet: Set(0) {},
  reason: TopologyDescription {
    type: 'Single',
    servers: Map(1) { 'localhost:27018' => [ServerDescription] },
    stale: false,
    compatible: true,
    heartbeatFrequencyMS: 10000,
    localThresholdMS: 15,
    setName: null,
    maxElectionId: null,
    maxSetVersion: null,
    commonWireVersion: 0,
    logicalSessionTimeoutMinutes: null
  },
  code: undefined,
  [cause]: MongoNetworkError: connect ECONNREFUSED ::1:27018, connect ECONNREFUSED 127.0.0.1:27018
      at Socket.<anonymous> (C:\website\ecom-multi\backend\node_modules\mongoose\node_modules\mongodb\lib\cmap\connect.js:286:44)
      at Object.onceWrapper (node:events:633:26)
      at Socket.emit (node:events:518:28)
      at emitErrorNT (node:internal/streams/destroy:170:8)
      at emitErrorCloseNT (node:internal/streams/destroy:129:3)
      at process.processTicksAndRejections (node:internal/process/task_queues:90:21) {
    errorLabelSet: Set(1) { 'ResetPool' },
    beforeHandshake: false,
    [cause]: AggregateError [ECONNREFUSED]: 
        at internalConnectMultiple (node:net:1139:18)
        at afterConnectMultiple (node:net:1712:7)
        at TCPConnectWrap.callbackTrampoline (node:internal/async_hooks:130:17) {
      code: 'ECONNREFUSED',
      [errors]: [Array]
    }
  }
}
❌ resolveShopByDomain error: MongoServerSelectionError: connect ECONNREFUSED ::1:27018, connect ECONNREFUSED 127.0.0.1:27018
    at Topology.selectServer (C:\website\ecom-multi\backend\node_modules\mongoose\node_modules\mongodb\lib\sdam\topology.js:327:38)
    at async tryOperation (C:\website\ecom-multi\backend\node_modules\mongoose\node_modules\mongodb\lib\operations\execute_operation.js:148:18)
    at async executeOperation (C:\website\ecom-multi\backend\node_modules\mongoose\node_modules\mongodb\lib\operations\execute_operation.js:78:16)
    at async FindCursor._initialize (C:\website\ecom-multi\backend\node_modules\mongoose\node_modules\mongodb\lib\cursor\find_cursor.js:62:26)
    at async FindCursor.cursorInit (C:\website\ecom-multi\backend\node_modules\mongoose\node_modules\mongodb\lib\cursor\abstract_cursor.js:632:27)
    at async FindCursor.fetchBatch (C:\website\ecom-multi\backend\node_modules\mongoose\node_modules\mongodb\lib\cursor\abstract_cursor.js:666:13)
    at async FindCursor.next (C:\website\ecom-multi\backend\node_modules\mongoose\node_modules\mongodb\lib\cursor\abstract_cursor.js:342:17)
    at async Collection.findOne (C:\website\ecom-multi\backend\node_modules\mongoose\node_modules\mongodb\lib\collection.js:313:24)
    at async model.Query._findOne (C:\website\ecom-multi\backend\node_modules\mongoose\lib\query.js:2710:15)
    at async model.Query.exec (C:\website\ecom-multi\backend\node_modules\mongoose\lib\query.js:4627:63) {
  errorLabelSet: Set(0) {},
  reason: TopologyDescription {
    type: 'Single',
    servers: Map(1) { 'localhost:27018' => [ServerDescription] },
    stale: false,
    compatible: true,
    heartbeatFrequencyMS: 10000,
    localThresholdMS: 15,
    setName: null,
    maxElectionId: null,
    maxSetVersion: null,
    commonWireVersion: 0,
    logicalSessionTimeoutMinutes: null
  },
  code: undefined,
  [cause]: MongoNetworkError: connect ECONNREFUSED ::1:27018, connect ECONNREFUSED 127.0.0.1:27018
      at Socket.<anonymous> (C:\website\ecom-multi\backend\node_modules\mongoose\node_modules\mongodb\lib\cmap\connect.js:286:44)
      at Object.onceWrapper (node:events:633:26)
      at Socket.emit (node:events:518:28)
      at emitErrorNT (node:internal/streams/destroy:170:8)
      at emitErrorCloseNT (node:internal/streams/destroy:129:3)
      at process.processTicksAndRejections (node:internal/process/task_queues:90:21) {
    errorLabelSet: Set(1) { 'ResetPool' },
    beforeHandshake: false,
    [cause]: AggregateError [ECONNREFUSED]: 
        at internalConnectMultiple (node:net:1139:18)
        at afterConnectMultiple (node:net:1712:7)
        at TCPConnectWrap.callbackTrampoline (node:internal/async_hooks:130:17) {
      code: 'ECONNREFUSED',
      [errors]: [Array]
    }
  }
}
❌ resolveShopByDomain error: MongoServerSelectionError: connect ECONNREFUSED ::1:27018, connect ECONNREFUSED 127.0.0.1:27018
    at Topology.selectServer (C:\website\ecom-multi\backend\node_modules\mongoose\node_modules\mongodb\lib\sdam\topology.js:327:38)
    at runNextTicks (node:internal/process/task_queues:65:5)
    at listOnTimeout (node:internal/timers:555:9)
    at process.processTimers (node:internal/timers:529:7)
    at async tryOperation (C:\website\ecom-multi\backend\node_modules\mongoose\node_modules\mongodb\lib\operations\execute_operation.js:148:18)
    at async executeOperation (C:\website\ecom-multi\backend\node_modules\mongoose\node_modules\mongodb\lib\operations\execute_operation.js:78:16)
    at async FindCursor._initialize (C:\website\ecom-multi\backend\node_modules\mongoose\node_modules\mongodb\lib\cursor\find_cursor.js:62:26)
    at async FindCursor.cursorInit (C:\website\ecom-multi\backend\node_modules\mongoose\node_modules\mongodb\lib\cursor\abstract_cursor.js:632:27)
    at async FindCursor.fetchBatch (C:\website\ecom-multi\backend\node_modules\mongoose\node_modules\mongodb\lib\cursor\abstract_cursor.js:666:13)
    at async FindCursor.next (C:\website\ecom-multi\backend\node_modules\mongoose\node_modules\mongodb\lib\cursor\abstract_cursor.js:342:17) {
  errorLabelSet: Set(0) {},
  reason: TopologyDescription {
    type: 'Single',
    servers: Map(1) { 'localhost:27018' => [ServerDescription] },
    stale: false,
    compatible: true,
    heartbeatFrequencyMS: 10000,
    localThresholdMS: 15,
    setName: null,
    maxElectionId: null,
    maxSetVersion: null,
    commonWireVersion: 0,
    logicalSessionTimeoutMinutes: null
  },
  code: undefined,
  [cause]: MongoNetworkError: connect ECONNREFUSED ::1:27018, connect ECONNREFUSED 127.0.0.1:27018
      at Socket.<anonymous> (C:\website\ecom-multi\backend\node_modules\mongoose\node_modules\mongodb\lib\cmap\connect.js:286:44)
      at Object.onceWrapper (node:events:633:26)
      at Socket.emit (node:events:518:28)
      at emitErrorNT (node:internal/streams/destroy:170:8)
      at emitErrorCloseNT (node:internal/streams/destroy:129:3)
      at process.processTicksAndRejections (node:internal/process/task_queues:90:21) {
    errorLabelSet: Set(1) { 'ResetPool' },
    beforeHandshake: false,
    [cause]: AggregateError [ECONNREFUSED]: 
        at internalConnectMultiple (node:net:1139:18)
        at afterConnectMultiple (node:net:1712:7)
        at TCPConnectWrap.callbackTrampoline (node:internal/async_hooks:130:17) {
      code: 'ECONNREFUSED',
      [errors]: [Array]
    }
  }
}
❌ resolveShopByDomain error: MongoServerSelectionError: connect ECONNREFUSED ::1:27018, connect ECONNREFUSED 127.0.0.1:27018
    at Topology.selectServer (C:\website\ecom-multi\backend\node_modules\mongoose\node_modules\mongodb\lib\sdam\topology.js:327:38)
    at async tryOperation (C:\website\ecom-multi\backend\node_modules\mongoose\node_modules\mongodb\lib\operations\execute_operation.js:148:18)
    at async executeOperation (C:\website\ecom-multi\backend\node_modules\mongoose\node_modules\mongodb\lib\operations\execute_operation.js:78:16)
    at async FindCursor._initialize (C:\website\ecom-multi\backend\node_modules\mongoose\node_modules\mongodb\lib\cursor\find_cursor.js:62:26)
    at async FindCursor.cursorInit (C:\website\ecom-multi\backend\node_modules\mongoose\node_modules\mongodb\lib\cursor\abstract_cursor.js:632:27)
    at async FindCursor.fetchBatch (C:\website\ecom-multi\backend\node_modules\mongoose\node_modules\mongodb\lib\cursor\abstract_cursor.js:666:13)
    at async FindCursor.next (C:\website\ecom-multi\backend\node_modules\mongoose\node_modules\mongodb\lib\cursor\abstract_cursor.js:342:17)
    at async Collection.findOne (C:\website\ecom-multi\backend\node_modules\mongoose\node_modules\mongodb\lib\collection.js:313:24)
    at async model.Query._findOne (C:\website\ecom-multi\backend\node_modules\mongoose\lib\query.js:2710:15)
    at async model.Query.exec (C:\website\ecom-multi\backend\node_modules\mongoose\lib\query.js:4627:63) {
  errorLabelSet: Set(0) {},
  reason: TopologyDescription {
    type: 'Single',
    servers: Map(1) { 'localhost:27018' => [ServerDescription] },
    stale: false,
    compatible: true,
    heartbeatFrequencyMS: 10000,
    localThresholdMS: 15,
    setName: null,
    maxElectionId: null,
    maxSetVersion: null,
    commonWireVersion: 0,
    logicalSessionTimeoutMinutes: null
  },
  code: undefined,
  [cause]: MongoNetworkError: connect ECONNREFUSED ::1:27018, connect ECONNREFUSED 127.0.0.1:27018
      at Socket.<anonymous> (C:\website\ecom-multi\backend\node_modules\mongoose\node_modules\mongodb\lib\cmap\connect.js:286:44)
      at Object.onceWrapper (node:events:633:26)
      at Socket.emit (node:events:518:28)
      at emitErrorNT (node:internal/streams/destroy:170:8)
      at emitErrorCloseNT (node:internal/streams/destroy:129:3)
      at process.processTicksAndRejections (node:internal/process/task_queues:90:21) {
    errorLabelSet: Set(1) { 'ResetPool' },
    beforeHandshake: false,
    [cause]: AggregateError [ECONNREFUSED]: 
        at internalConnectMultiple (node:net:1139:18)
        at afterConnectMultiple (node:net:1712:7)
        at TCPConnectWrap.callbackTrampoline (node:internal/async_hooks:130:17) {
      code: 'ECONNREFUSED',
      [errors]: [Array]
    }
  }
}
❌ resolveShopByDomain error: MongoServerSelectionError: connect ECONNREFUSED ::1:27018, connect ECONNREFUSED 127.0.0.1:27018
    at Topology.selectServer (C:\website\ecom-multi\backend\node_modules\mongoose\node_modules\mongodb\lib\sdam\topology.js:327:38)
    at async tryOperation (C:\website\ecom-multi\backend\node_modules\mongoose\node_modules\mongodb\lib\operations\execute_operation.js:148:18)
    at async executeOperation (C:\website\ecom-multi\backend\node_modules\mongoose\node_modules\mongodb\lib\operations\execute_operation.js:78:16)
    at async FindCursor._initialize (C:\website\ecom-multi\backend\node_modules\mongoose\node_modules\mongodb\lib\cursor\find_cursor.js:62:26)
    at async FindCursor.cursorInit (C:\website\ecom-multi\backend\node_modules\mongoose\node_modules\mongodb\lib\cursor\abstract_cursor.js:632:27)
    at async FindCursor.fetchBatch (C:\website\ecom-multi\backend\node_modules\mongoose\node_modules\mongodb\lib\cursor\abstract_cursor.js:666:13)
    at async FindCursor.next (C:\website\ecom-multi\backend\node_modules\mongoose\node_modules\mongodb\lib\cursor\abstract_cursor.js:342:17)
    at async Collection.findOne (C:\website\ecom-multi\backend\node_modules\mongoose\node_modules\mongodb\lib\collection.js:313:24)
    at async model.Query._findOne (C:\website\ecom-multi\backend\node_modules\mongoose\lib\query.js:2710:15)
    at async model.Query.exec (C:\website\ecom-multi\backend\node_modules\mongoose\lib\query.js:4627:63) {
  errorLabelSet: Set(0) {},
  reason: TopologyDescription {
    type: 'Single',
    servers: Map(1) { 'localhost:27018' => [ServerDescription] },
    stale: false,
    compatible: true,
    heartbeatFrequencyMS: 10000,
    localThresholdMS: 15,
    setName: null,
    maxElectionId: null,
    maxSetVersion: null,
    commonWireVersion: 0,
    logicalSessionTimeoutMinutes: null
  },
  code: undefined,
  [cause]: MongoNetworkError: connect ECONNREFUSED ::1:27018, connect ECONNREFUSED 127.0.0.1:27018
      at Socket.<anonymous> (C:\website\ecom-multi\backend\node_modules\mongoose\node_modules\mongodb\lib\cmap\connect.js:286:44)
      at Object.onceWrapper (node:events:633:26)
      at Socket.emit (node:events:518:28)
      at emitErrorNT (node:internal/streams/destroy:170:8)
      at emitErrorCloseNT (node:internal/streams/destroy:129:3)
      at process.processTicksAndRejections (node:internal/process/task_queues:90:21) {
    errorLabelSet: Set(1) { 'ResetPool' },
    beforeHandshake: false,
    [cause]: AggregateError [ECONNREFUSED]: 
        at internalConnectMultiple (node:net:1139:18)
        at afterConnectMultiple (node:net:1712:7)
        at TCPConnectWrap.callbackTrampoline (node:internal/async_hooks:130:17) {
      code: 'ECONNREFUSED',
      [errors]: [Array]
    }
  }
}
❌ resolveShopByDomain error: MongoServerSelectionError: connect ECONNREFUSED ::1:27018, connect ECONNREFUSED 127.0.0.1:27018
    at Topology.selectServer (C:\website\ecom-multi\backend\node_modules\mongoose\node_modules\mongodb\lib\sdam\topology.js:327:38)
    at async tryOperation (C:\website\ecom-multi\backend\node_modules\mongoose\node_modules\mongodb\lib\operations\execute_operation.js:148:18)
    at async executeOperation (C:\website\ecom-multi\backend\node_modules\mongoose\node_modules\mongodb\lib\operations\execute_operation.js:78:16)
    at async FindCursor._initialize (C:\website\ecom-multi\backend\node_modules\mongoose\node_modules\mongodb\lib\cursor\find_cursor.js:62:26)
    at async FindCursor.cursorInit (C:\website\ecom-multi\backend\node_modules\mongoose\node_modules\mongodb\lib\cursor\abstract_cursor.js:632:27)
    at async FindCursor.fetchBatch (C:\website\ecom-multi\backend\node_modules\mongoose\node_modules\mongodb\lib\cursor\abstract_cursor.js:666:13)
    at async FindCursor.next (C:\website\ecom-multi\backend\node_modules\mongoose\node_modules\mongodb\lib\cursor\abstract_cursor.js:342:17)
    at async Collection.findOne (C:\website\ecom-multi\backend\node_modules\mongoose\node_modules\mongodb\lib\collection.js:313:24)
    at async model.Query._findOne (C:\website\ecom-multi\backend\node_modules\mongoose\lib\query.js:2710:15)
    at async model.Query.exec (C:\website\ecom-multi\backend\node_modules\mongoose\lib\query.js:4627:63) {
  errorLabelSet: Set(0) {},
  reason: TopologyDescription {
    type: 'Single',
    servers: Map(1) { 'localhost:27018' => [ServerDescription] },
    stale: false,
    compatible: true,
    heartbeatFrequencyMS: 10000,
    localThresholdMS: 15,
    setName: null,
    maxElectionId: null,
    maxSetVersion: null,
    commonWireVersion: 0,
    logicalSessionTimeoutMinutes: null
  },
  code: undefined,
  [cause]: MongoNetworkError: connect ECONNREFUSED ::1:27018, connect ECONNREFUSED 127.0.0.1:27018
      at Socket.<anonymous> (C:\website\ecom-multi\backend\node_modules\mongoose\node_modules\mongodb\lib\cmap\connect.js:286:44)
      at Object.onceWrapper (node:events:633:26)
      at Socket.emit (node:events:518:28)
      at emitErrorNT (node:internal/streams/destroy:170:8)
      at emitErrorCloseNT (node:internal/streams/destroy:129:3)
      at process.processTicksAndRejections (node:internal/process/task_queues:90:21) {
    errorLabelSet: Set(1) { 'ResetPool' },
    beforeHandshake: false,
    [cause]: AggregateError [ECONNREFUSED]: 
        at internalConnectMultiple (node:net:1139:18)
        at afterConnectMultiple (node:net:1712:7)
        at TCPConnectWrap.callbackTrampoline (node:internal/async_hooks:130:17) {
      code: 'ECONNREFUSED',
      [errors]: [Array]
    }
  }
}
⚠️ No active admin email set in DB
⚠️ No active admin email set in DB
